ARM GAS  C:\Users\davis\AppData\Local\Temp\cceYoMBV.s 			page 1


   1              		.syntax unified
   2              		.cpu cortex-m0
   3              		.fpu softvfp
   4              		.eabi_attribute 20, 1
   5              		.eabi_attribute 21, 1
   6              		.eabi_attribute 23, 3
   7              		.eabi_attribute 24, 1
   8              		.eabi_attribute 25, 1
   9              		.eabi_attribute 26, 1
  10              		.eabi_attribute 30, 1
  11              		.eabi_attribute 34, 0
  12              		.eabi_attribute 18, 4
  13              		.thumb
  14              		.syntax unified
  15              		.file	"cyfitter_cfg.c"
  16              		.text
  17              	.Ltext0:
  18              		.cfi_sections	.debug_frame
  19              		.section	.text.CYMEMZERO,"ax",%progbits
  20              		.align	2
  21              		.code	16
  22              		.thumb_func
  23              		.type	CYMEMZERO, %function
  24              	CYMEMZERO:
  25              	.LFB0:
  26              		.file 1 "Generated_Source\\PSoC4\\cyfitter_cfg.c"
   1:Generated_Source\PSoC4/cyfitter_cfg.c **** 
   2:Generated_Source\PSoC4/cyfitter_cfg.c **** /*******************************************************************************
   3:Generated_Source\PSoC4/cyfitter_cfg.c **** * File Name: cyfitter_cfg.c
   4:Generated_Source\PSoC4/cyfitter_cfg.c **** * 
   5:Generated_Source\PSoC4/cyfitter_cfg.c **** * PSoC Creator  4.4
   6:Generated_Source\PSoC4/cyfitter_cfg.c **** *
   7:Generated_Source\PSoC4/cyfitter_cfg.c **** * Description:
   8:Generated_Source\PSoC4/cyfitter_cfg.c **** * This file contains device initialization code.
   9:Generated_Source\PSoC4/cyfitter_cfg.c **** * Except for the user defined sections in CyClockStartupError(), this file should not be modified.
  10:Generated_Source\PSoC4/cyfitter_cfg.c **** * This file is automatically generated by PSoC Creator.
  11:Generated_Source\PSoC4/cyfitter_cfg.c **** *
  12:Generated_Source\PSoC4/cyfitter_cfg.c **** ********************************************************************************
  13:Generated_Source\PSoC4/cyfitter_cfg.c **** * Copyright (c) 2007-2020 Cypress Semiconductor.  All rights reserved.
  14:Generated_Source\PSoC4/cyfitter_cfg.c **** * You may use this file only in accordance with the license, terms, conditions, 
  15:Generated_Source\PSoC4/cyfitter_cfg.c **** * disclaimers, and limitations in the end user license agreement accompanying 
  16:Generated_Source\PSoC4/cyfitter_cfg.c **** * the software package with which this file was provided.
  17:Generated_Source\PSoC4/cyfitter_cfg.c **** ********************************************************************************/
  18:Generated_Source\PSoC4/cyfitter_cfg.c **** 
  19:Generated_Source\PSoC4/cyfitter_cfg.c **** #include <string.h>
  20:Generated_Source\PSoC4/cyfitter_cfg.c **** #include "cytypes.h"
  21:Generated_Source\PSoC4/cyfitter_cfg.c **** #include "cydevice_trm.h"
  22:Generated_Source\PSoC4/cyfitter_cfg.c **** #include "cyfitter.h"
  23:Generated_Source\PSoC4/cyfitter_cfg.c **** #include "CyLib.h"
  24:Generated_Source\PSoC4/cyfitter_cfg.c **** #include "CyLFClk.h"
  25:Generated_Source\PSoC4/cyfitter_cfg.c **** #include "cyfitter_cfg.h"
  26:Generated_Source\PSoC4/cyfitter_cfg.c **** #include "cyapicallbacks.h"
  27:Generated_Source\PSoC4/cyfitter_cfg.c **** 
  28:Generated_Source\PSoC4/cyfitter_cfg.c **** 
  29:Generated_Source\PSoC4/cyfitter_cfg.c **** #if defined(__GNUC__) || defined(__ARMCC_VERSION)
  30:Generated_Source\PSoC4/cyfitter_cfg.c ****     #define CYPACKED 
  31:Generated_Source\PSoC4/cyfitter_cfg.c ****     #define CYPACKED_ATTR __attribute__ ((packed))
ARM GAS  C:\Users\davis\AppData\Local\Temp\cceYoMBV.s 			page 2


  32:Generated_Source\PSoC4/cyfitter_cfg.c ****     #define CYALIGNED __attribute__ ((aligned))
  33:Generated_Source\PSoC4/cyfitter_cfg.c ****     #define CY_CFG_UNUSED __attribute__ ((unused))
  34:Generated_Source\PSoC4/cyfitter_cfg.c ****     #ifndef CY_CFG_SECTION
  35:Generated_Source\PSoC4/cyfitter_cfg.c ****         #define CY_CFG_SECTION __attribute__ ((section(".psocinit")))
  36:Generated_Source\PSoC4/cyfitter_cfg.c ****     #endif
  37:Generated_Source\PSoC4/cyfitter_cfg.c ****     
  38:Generated_Source\PSoC4/cyfitter_cfg.c ****     #if defined(__ARMCC_VERSION)
  39:Generated_Source\PSoC4/cyfitter_cfg.c ****         #define CY_CFG_MEMORY_BARRIER() __memory_changed()
  40:Generated_Source\PSoC4/cyfitter_cfg.c ****     #else
  41:Generated_Source\PSoC4/cyfitter_cfg.c ****         #define CY_CFG_MEMORY_BARRIER() __sync_synchronize()
  42:Generated_Source\PSoC4/cyfitter_cfg.c ****     #endif
  43:Generated_Source\PSoC4/cyfitter_cfg.c ****     
  44:Generated_Source\PSoC4/cyfitter_cfg.c **** #elif defined(__ICCARM__)
  45:Generated_Source\PSoC4/cyfitter_cfg.c ****     #include <intrinsics.h>
  46:Generated_Source\PSoC4/cyfitter_cfg.c **** 
  47:Generated_Source\PSoC4/cyfitter_cfg.c ****     #define CYPACKED __packed
  48:Generated_Source\PSoC4/cyfitter_cfg.c ****     #define CYPACKED_ATTR 
  49:Generated_Source\PSoC4/cyfitter_cfg.c ****     #define CYALIGNED _Pragma("data_alignment=4")
  50:Generated_Source\PSoC4/cyfitter_cfg.c ****     #define CY_CFG_UNUSED _Pragma("diag_suppress=Pe177")
  51:Generated_Source\PSoC4/cyfitter_cfg.c ****     #define CY_CFG_SECTION _Pragma("location=\".psocinit\"")
  52:Generated_Source\PSoC4/cyfitter_cfg.c ****     
  53:Generated_Source\PSoC4/cyfitter_cfg.c ****     #define CY_CFG_MEMORY_BARRIER() __DMB()
  54:Generated_Source\PSoC4/cyfitter_cfg.c ****     
  55:Generated_Source\PSoC4/cyfitter_cfg.c **** #else
  56:Generated_Source\PSoC4/cyfitter_cfg.c ****     #error Unsupported toolchain
  57:Generated_Source\PSoC4/cyfitter_cfg.c **** #endif
  58:Generated_Source\PSoC4/cyfitter_cfg.c **** 
  59:Generated_Source\PSoC4/cyfitter_cfg.c **** #ifndef CYCODE
  60:Generated_Source\PSoC4/cyfitter_cfg.c ****     #define CYCODE
  61:Generated_Source\PSoC4/cyfitter_cfg.c **** #endif
  62:Generated_Source\PSoC4/cyfitter_cfg.c **** #ifndef CYDATA
  63:Generated_Source\PSoC4/cyfitter_cfg.c ****     #define CYDATA
  64:Generated_Source\PSoC4/cyfitter_cfg.c **** #endif
  65:Generated_Source\PSoC4/cyfitter_cfg.c **** #ifndef CYFAR
  66:Generated_Source\PSoC4/cyfitter_cfg.c ****     #define CYFAR
  67:Generated_Source\PSoC4/cyfitter_cfg.c **** #endif
  68:Generated_Source\PSoC4/cyfitter_cfg.c **** #ifndef CYXDATA
  69:Generated_Source\PSoC4/cyfitter_cfg.c ****     #define CYXDATA
  70:Generated_Source\PSoC4/cyfitter_cfg.c **** #endif
  71:Generated_Source\PSoC4/cyfitter_cfg.c **** 
  72:Generated_Source\PSoC4/cyfitter_cfg.c **** 
  73:Generated_Source\PSoC4/cyfitter_cfg.c **** CY_CFG_UNUSED
  74:Generated_Source\PSoC4/cyfitter_cfg.c **** static void CYMEMZERO(void *s, size_t n);
  75:Generated_Source\PSoC4/cyfitter_cfg.c **** CY_CFG_UNUSED
  76:Generated_Source\PSoC4/cyfitter_cfg.c **** static void CYMEMZERO(void *s, size_t n)
  77:Generated_Source\PSoC4/cyfitter_cfg.c **** {
  27              		.loc 1 77 0
  28              		.cfi_startproc
  29              		@ args = 0, pretend = 0, frame = 0
  30              		@ frame_needed = 0, uses_anonymous_args = 0
  31              	.LVL0:
  32 0000 10B5     		push	{r4, lr}
  33              		.cfi_def_cfa_offset 8
  34              		.cfi_offset 4, -8
  35              		.cfi_offset 14, -4
  36 0002 0A00     		movs	r2, r1
  78:Generated_Source\PSoC4/cyfitter_cfg.c **** 	(void)memset(s, 0, n);
ARM GAS  C:\Users\davis\AppData\Local\Temp\cceYoMBV.s 			page 3


  37              		.loc 1 78 0
  38 0004 0021     		movs	r1, #0
  39              	.LVL1:
  40 0006 FFF7FEFF 		bl	memset
  41              	.LVL2:
  79:Generated_Source\PSoC4/cyfitter_cfg.c **** }
  42              		.loc 1 79 0
  43              		@ sp needed
  44 000a 10BD     		pop	{r4, pc}
  45              		.cfi_endproc
  46              	.LFE0:
  47              		.size	CYMEMZERO, .-CYMEMZERO
  48              		.section	.psocinit,"ax",%progbits
  49              		.align	2
  50              		.code	16
  51              		.thumb_func
  52              		.type	ClockSetup, %function
  53              	ClockSetup:
  54              	.LFB3:
  80:Generated_Source\PSoC4/cyfitter_cfg.c **** CY_CFG_UNUSED
  81:Generated_Source\PSoC4/cyfitter_cfg.c **** static void CYCONFIGCPY(void *dest, const void *src, size_t n);
  82:Generated_Source\PSoC4/cyfitter_cfg.c **** CY_CFG_UNUSED
  83:Generated_Source\PSoC4/cyfitter_cfg.c **** static void CYCONFIGCPY(void *dest, const void *src, size_t n)
  84:Generated_Source\PSoC4/cyfitter_cfg.c **** {
  85:Generated_Source\PSoC4/cyfitter_cfg.c **** 	(void)memcpy(dest, src, n);
  86:Generated_Source\PSoC4/cyfitter_cfg.c **** }
  87:Generated_Source\PSoC4/cyfitter_cfg.c **** CY_CFG_UNUSED
  88:Generated_Source\PSoC4/cyfitter_cfg.c **** static void CYCONFIGCPYCODE(void *dest, const void *src, size_t n);
  89:Generated_Source\PSoC4/cyfitter_cfg.c **** CY_CFG_UNUSED
  90:Generated_Source\PSoC4/cyfitter_cfg.c **** static void CYCONFIGCPYCODE(void *dest, const void *src, size_t n)
  91:Generated_Source\PSoC4/cyfitter_cfg.c **** {
  92:Generated_Source\PSoC4/cyfitter_cfg.c **** 	(void)memcpy(dest, src, n);
  93:Generated_Source\PSoC4/cyfitter_cfg.c **** }
  94:Generated_Source\PSoC4/cyfitter_cfg.c **** 
  95:Generated_Source\PSoC4/cyfitter_cfg.c **** 
  96:Generated_Source\PSoC4/cyfitter_cfg.c **** 
  97:Generated_Source\PSoC4/cyfitter_cfg.c **** 
  98:Generated_Source\PSoC4/cyfitter_cfg.c **** /* Clock startup error codes                                                   */
  99:Generated_Source\PSoC4/cyfitter_cfg.c **** #define CYCLOCKSTART_NO_ERROR    0u
 100:Generated_Source\PSoC4/cyfitter_cfg.c **** #define CYCLOCKSTART_XTAL_ERROR  1u
 101:Generated_Source\PSoC4/cyfitter_cfg.c **** #define CYCLOCKSTART_32KHZ_ERROR 2u
 102:Generated_Source\PSoC4/cyfitter_cfg.c **** #define CYCLOCKSTART_PLL_ERROR   3u
 103:Generated_Source\PSoC4/cyfitter_cfg.c **** #define CYCLOCKSTART_FLL_ERROR   4u
 104:Generated_Source\PSoC4/cyfitter_cfg.c **** #define CYCLOCKSTART_WCO_ERROR   5u
 105:Generated_Source\PSoC4/cyfitter_cfg.c **** 
 106:Generated_Source\PSoC4/cyfitter_cfg.c **** 
 107:Generated_Source\PSoC4/cyfitter_cfg.c **** #ifdef CY_NEED_CYCLOCKSTARTUPERROR
 108:Generated_Source\PSoC4/cyfitter_cfg.c **** /*******************************************************************************
 109:Generated_Source\PSoC4/cyfitter_cfg.c **** * Function Name: CyClockStartupError
 110:Generated_Source\PSoC4/cyfitter_cfg.c **** ********************************************************************************
 111:Generated_Source\PSoC4/cyfitter_cfg.c **** * Summary:
 112:Generated_Source\PSoC4/cyfitter_cfg.c **** *  If an error is encountered during clock configuration (crystal startup error,
 113:Generated_Source\PSoC4/cyfitter_cfg.c **** *  PLL lock error, etc.), the system will end up here.  Unless reimplemented by
 114:Generated_Source\PSoC4/cyfitter_cfg.c **** *  the customer, this function will stop in an infinite loop.
 115:Generated_Source\PSoC4/cyfitter_cfg.c **** *
 116:Generated_Source\PSoC4/cyfitter_cfg.c **** * Parameters:
 117:Generated_Source\PSoC4/cyfitter_cfg.c **** *   void
ARM GAS  C:\Users\davis\AppData\Local\Temp\cceYoMBV.s 			page 4


 118:Generated_Source\PSoC4/cyfitter_cfg.c **** *
 119:Generated_Source\PSoC4/cyfitter_cfg.c **** * Return:
 120:Generated_Source\PSoC4/cyfitter_cfg.c **** *   void
 121:Generated_Source\PSoC4/cyfitter_cfg.c **** *
 122:Generated_Source\PSoC4/cyfitter_cfg.c **** *******************************************************************************/
 123:Generated_Source\PSoC4/cyfitter_cfg.c **** CY_CFG_UNUSED
 124:Generated_Source\PSoC4/cyfitter_cfg.c **** static void CyClockStartupError(uint8 errorCode);
 125:Generated_Source\PSoC4/cyfitter_cfg.c **** CY_CFG_UNUSED
 126:Generated_Source\PSoC4/cyfitter_cfg.c **** static void CyClockStartupError(uint8 errorCode)
 127:Generated_Source\PSoC4/cyfitter_cfg.c **** {
 128:Generated_Source\PSoC4/cyfitter_cfg.c ****     /* To remove the compiler warning if errorCode not used.                */
 129:Generated_Source\PSoC4/cyfitter_cfg.c ****     errorCode = errorCode;
 130:Generated_Source\PSoC4/cyfitter_cfg.c **** 
 131:Generated_Source\PSoC4/cyfitter_cfg.c ****     /* If we have a clock startup error (bad MHz crystal, PLL lock, etc.),  */
 132:Generated_Source\PSoC4/cyfitter_cfg.c ****     /* we will end up here to allow the customer to implement something to  */
 133:Generated_Source\PSoC4/cyfitter_cfg.c ****     /* deal with the clock condition.                                       */
 134:Generated_Source\PSoC4/cyfitter_cfg.c **** 
 135:Generated_Source\PSoC4/cyfitter_cfg.c **** #ifdef CY_CFG_CLOCK_STARTUP_ERROR_CALLBACK
 136:Generated_Source\PSoC4/cyfitter_cfg.c ****     CY_CFG_Clock_Startup_ErrorCallback();
 137:Generated_Source\PSoC4/cyfitter_cfg.c **** #else
 138:Generated_Source\PSoC4/cyfitter_cfg.c ****     /*  If not using CY_CFG_CLOCK_STARTUP_ERROR_CALLBACK, place your clock startup code here. */
 139:Generated_Source\PSoC4/cyfitter_cfg.c ****     /* `#START CyClockStartupError` */
 140:Generated_Source\PSoC4/cyfitter_cfg.c **** 
 141:Generated_Source\PSoC4/cyfitter_cfg.c **** 
 142:Generated_Source\PSoC4/cyfitter_cfg.c **** 
 143:Generated_Source\PSoC4/cyfitter_cfg.c ****     /* `#END` */
 144:Generated_Source\PSoC4/cyfitter_cfg.c **** 
 145:Generated_Source\PSoC4/cyfitter_cfg.c ****     while(1) {}
 146:Generated_Source\PSoC4/cyfitter_cfg.c **** #endif /* CY_CFG_CLOCK_STARTUP_ERROR_CALLBACK */
 147:Generated_Source\PSoC4/cyfitter_cfg.c **** }
 148:Generated_Source\PSoC4/cyfitter_cfg.c **** #endif
 149:Generated_Source\PSoC4/cyfitter_cfg.c **** 
 150:Generated_Source\PSoC4/cyfitter_cfg.c **** 
 151:Generated_Source\PSoC4/cyfitter_cfg.c **** 
 152:Generated_Source\PSoC4/cyfitter_cfg.c **** /*******************************************************************************
 153:Generated_Source\PSoC4/cyfitter_cfg.c **** * Function Name: ClockSetup
 154:Generated_Source\PSoC4/cyfitter_cfg.c **** ********************************************************************************
 155:Generated_Source\PSoC4/cyfitter_cfg.c **** *
 156:Generated_Source\PSoC4/cyfitter_cfg.c **** * Summary:
 157:Generated_Source\PSoC4/cyfitter_cfg.c **** *   Performs the initialization of all of the clocks in the device based on the
 158:Generated_Source\PSoC4/cyfitter_cfg.c **** *   settings in the Clock tab of the DWR.  This includes enabling the requested
 159:Generated_Source\PSoC4/cyfitter_cfg.c **** *   clocks and setting the necessary dividers to produce the desired frequency. 
 160:Generated_Source\PSoC4/cyfitter_cfg.c **** *
 161:Generated_Source\PSoC4/cyfitter_cfg.c **** * Parameters:
 162:Generated_Source\PSoC4/cyfitter_cfg.c **** *   void
 163:Generated_Source\PSoC4/cyfitter_cfg.c **** *
 164:Generated_Source\PSoC4/cyfitter_cfg.c **** * Return:
 165:Generated_Source\PSoC4/cyfitter_cfg.c **** *   void
 166:Generated_Source\PSoC4/cyfitter_cfg.c **** *
 167:Generated_Source\PSoC4/cyfitter_cfg.c **** *******************************************************************************/
 168:Generated_Source\PSoC4/cyfitter_cfg.c **** static void ClockSetup(void);
 169:Generated_Source\PSoC4/cyfitter_cfg.c **** CY_CFG_SECTION
 170:Generated_Source\PSoC4/cyfitter_cfg.c **** static void ClockSetup(void)
 171:Generated_Source\PSoC4/cyfitter_cfg.c **** {
  55              		.loc 1 171 0
  56              		.cfi_startproc
  57              		@ args = 0, pretend = 0, frame = 0
ARM GAS  C:\Users\davis\AppData\Local\Temp\cceYoMBV.s 			page 5


  58              		@ frame_needed = 0, uses_anonymous_args = 0
  59 0000 70B5     		push	{r4, r5, r6, lr}
  60              		.cfi_def_cfa_offset 16
  61              		.cfi_offset 4, -16
  62              		.cfi_offset 5, -12
  63              		.cfi_offset 6, -8
  64              		.cfi_offset 14, -4
 172:Generated_Source\PSoC4/cyfitter_cfg.c **** 	/* Enable HALF_EN before trimming for the flash accelerator. */
 173:Generated_Source\PSoC4/cyfitter_cfg.c **** 	CY_SET_REG32((void CYXDATA *)(CYREG_CLK_SELECT), (CY_GET_REG32((void *)CYREG_CLK_SELECT) | 0x00040
  65              		.loc 1 173 0
  66 0002 114C     		ldr	r4, .L3
  67 0004 2368     		ldr	r3, [r4]
  68 0006 8025     		movs	r5, #128
  69 0008 ED02     		lsls	r5, r5, #11
  70 000a 2B43     		orrs	r3, r5
  71 000c 2360     		str	r3, [r4]
 174:Generated_Source\PSoC4/cyfitter_cfg.c **** 
 175:Generated_Source\PSoC4/cyfitter_cfg.c **** 	/* Setup and trim IMO based on desired frequency. */
 176:Generated_Source\PSoC4/cyfitter_cfg.c **** 	CySysClkWriteImoFreq(48u);
  72              		.loc 1 176 0
  73 000e 3020     		movs	r0, #48
  74 0010 FFF7FEFF 		bl	CySysClkWriteImoFreq
  75              	.LVL3:
 177:Generated_Source\PSoC4/cyfitter_cfg.c **** 	/* CYDEV_CLK_ILO_CONFIG Starting address: CYDEV_CLK_ILO_CONFIG */
 178:Generated_Source\PSoC4/cyfitter_cfg.c **** 	CY_SET_REG32((void *)(CYREG_CLK_ILO_CONFIG), 0x80000006u);
  76              		.loc 1 178 0
  77 0014 0D4A     		ldr	r2, .L3+4
  78 0016 0E4B     		ldr	r3, .L3+8
  79 0018 1A60     		str	r2, [r3]
 179:Generated_Source\PSoC4/cyfitter_cfg.c **** 
 180:Generated_Source\PSoC4/cyfitter_cfg.c **** 
 181:Generated_Source\PSoC4/cyfitter_cfg.c **** 	/* CYDEV_CLK_SELECT00 Starting address: CYDEV_CLK_SELECT00 */
 182:Generated_Source\PSoC4/cyfitter_cfg.c **** 	CY_SET_REG32((void *)(CYREG_CLK_SELECT02), 0x00000010u);
  80              		.loc 1 182 0
  81 001a 1022     		movs	r2, #16
  82 001c 0D4B     		ldr	r3, .L3+12
  83 001e 1A60     		str	r2, [r3]
 183:Generated_Source\PSoC4/cyfitter_cfg.c **** 
 184:Generated_Source\PSoC4/cyfitter_cfg.c **** 	/* CYDEV_CLK_IMO_CONFIG Starting address: CYDEV_CLK_IMO_CONFIG */
 185:Generated_Source\PSoC4/cyfitter_cfg.c **** 	CY_SET_REG32((void *)(CYREG_CLK_IMO_CONFIG), 0x80000000u);
  84              		.loc 1 185 0
  85 0020 8022     		movs	r2, #128
  86 0022 1206     		lsls	r2, r2, #24
  87 0024 0C4B     		ldr	r3, .L3+16
  88 0026 1A60     		str	r2, [r3]
 186:Generated_Source\PSoC4/cyfitter_cfg.c **** 
 187:Generated_Source\PSoC4/cyfitter_cfg.c **** 	/* CYDEV_CLK_SELECT Starting address: CYDEV_CLK_SELECT */
 188:Generated_Source\PSoC4/cyfitter_cfg.c **** 	CY_SET_REG32((void *)(CYREG_CLK_SELECT), 0x00040000u);
  89              		.loc 1 188 0
  90 0028 2560     		str	r5, [r4]
 189:Generated_Source\PSoC4/cyfitter_cfg.c **** 
 190:Generated_Source\PSoC4/cyfitter_cfg.c **** 	/* CYDEV_CLK_DIVIDER_A00 Starting address: CYDEV_CLK_DIVIDER_A00 */
 191:Generated_Source\PSoC4/cyfitter_cfg.c **** 	CY_SET_REG32((void *)(CYREG_CLK_DIVIDER_A00), 0x8000001Du);
  91              		.loc 1 191 0
  92 002a 0C4A     		ldr	r2, .L3+20
  93 002c 0C4B     		ldr	r3, .L3+24
  94 002e 1A60     		str	r2, [r3]
ARM GAS  C:\Users\davis\AppData\Local\Temp\cceYoMBV.s 			page 6


 192:Generated_Source\PSoC4/cyfitter_cfg.c **** 
 193:Generated_Source\PSoC4/cyfitter_cfg.c **** 	(void)CyIntSetVector(9u, &CySysWdtIsr);
  95              		.loc 1 193 0
  96 0030 0C49     		ldr	r1, .L3+28
  97 0032 0920     		movs	r0, #9
  98 0034 FFF7FEFF 		bl	CyIntSetVector
  99              	.LVL4:
 194:Generated_Source\PSoC4/cyfitter_cfg.c **** 	CyIntEnable(9u);
 100              		.loc 1 194 0
 101 0038 0920     		movs	r0, #9
 102 003a FFF7FEFF 		bl	CyIntEnable
 103              	.LVL5:
 195:Generated_Source\PSoC4/cyfitter_cfg.c **** 	CY_SET_REG32((void *)(CYREG_WDT_CONFIG), 0x00000000u);
 104              		.loc 1 195 0
 105 003e 0022     		movs	r2, #0
 106 0040 094B     		ldr	r3, .L3+32
 107 0042 1A60     		str	r2, [r3]
 196:Generated_Source\PSoC4/cyfitter_cfg.c **** }
 108              		.loc 1 196 0
 109              		@ sp needed
 110 0044 70BD     		pop	{r4, r5, r6, pc}
 111              	.L4:
 112 0046 C046     		.align	2
 113              	.L3:
 114 0048 00010B40 		.word	1074462976
 115 004c 06000080 		.word	-2147483642
 116 0050 04010B40 		.word	1074462980
 117 0054 08020240 		.word	1073873416
 118 0058 08010B40 		.word	1074462984
 119 005c 1D000080 		.word	-2147483619
 120 0060 00000240 		.word	1073872896
 121 0064 00000000 		.word	CySysWdtIsr
 122 0068 0C020B40 		.word	1074463244
 123              		.cfi_endproc
 124              	.LFE3:
 125              		.size	ClockSetup, .-ClockSetup
 126              		.align	2
 127              		.global	cyfitter_cfg
 128              		.code	16
 129              		.thumb_func
 130              		.type	cyfitter_cfg, %function
 131              	cyfitter_cfg:
 132              	.LFB5:
 197:Generated_Source\PSoC4/cyfitter_cfg.c **** 
 198:Generated_Source\PSoC4/cyfitter_cfg.c **** 
 199:Generated_Source\PSoC4/cyfitter_cfg.c **** /* Analog API Functions */
 200:Generated_Source\PSoC4/cyfitter_cfg.c **** 
 201:Generated_Source\PSoC4/cyfitter_cfg.c **** 
 202:Generated_Source\PSoC4/cyfitter_cfg.c **** /*******************************************************************************
 203:Generated_Source\PSoC4/cyfitter_cfg.c **** * Function Name: AnalogSetDefault
 204:Generated_Source\PSoC4/cyfitter_cfg.c **** ********************************************************************************
 205:Generated_Source\PSoC4/cyfitter_cfg.c **** *
 206:Generated_Source\PSoC4/cyfitter_cfg.c **** * Summary:
 207:Generated_Source\PSoC4/cyfitter_cfg.c **** *  Sets up the analog portions of the chip to default values based on chip
 208:Generated_Source\PSoC4/cyfitter_cfg.c **** *  configuration options from the project.
 209:Generated_Source\PSoC4/cyfitter_cfg.c **** *
 210:Generated_Source\PSoC4/cyfitter_cfg.c **** * Parameters:
ARM GAS  C:\Users\davis\AppData\Local\Temp\cceYoMBV.s 			page 7


 211:Generated_Source\PSoC4/cyfitter_cfg.c **** *  void
 212:Generated_Source\PSoC4/cyfitter_cfg.c **** *
 213:Generated_Source\PSoC4/cyfitter_cfg.c **** * Return:
 214:Generated_Source\PSoC4/cyfitter_cfg.c **** *  void
 215:Generated_Source\PSoC4/cyfitter_cfg.c **** *
 216:Generated_Source\PSoC4/cyfitter_cfg.c **** *******************************************************************************/
 217:Generated_Source\PSoC4/cyfitter_cfg.c **** static void AnalogSetDefault(void);
 218:Generated_Source\PSoC4/cyfitter_cfg.c **** static void AnalogSetDefault(void)
 219:Generated_Source\PSoC4/cyfitter_cfg.c **** {
 220:Generated_Source\PSoC4/cyfitter_cfg.c **** }
 221:Generated_Source\PSoC4/cyfitter_cfg.c **** 
 222:Generated_Source\PSoC4/cyfitter_cfg.c **** 
 223:Generated_Source\PSoC4/cyfitter_cfg.c **** 
 224:Generated_Source\PSoC4/cyfitter_cfg.c **** 
 225:Generated_Source\PSoC4/cyfitter_cfg.c **** /*******************************************************************************
 226:Generated_Source\PSoC4/cyfitter_cfg.c **** * Function Name: cyfitter_cfg
 227:Generated_Source\PSoC4/cyfitter_cfg.c **** ********************************************************************************
 228:Generated_Source\PSoC4/cyfitter_cfg.c **** * Summary:
 229:Generated_Source\PSoC4/cyfitter_cfg.c **** *  This function is called by the start-up code for the selected device. It
 230:Generated_Source\PSoC4/cyfitter_cfg.c **** *  performs all of the necessary device configuration based on the design
 231:Generated_Source\PSoC4/cyfitter_cfg.c **** *  settings.  This includes settings from the Design Wide Resources (DWR) such
 232:Generated_Source\PSoC4/cyfitter_cfg.c **** *  as Clocks and Pins as well as any component configuration that is necessary.
 233:Generated_Source\PSoC4/cyfitter_cfg.c **** *
 234:Generated_Source\PSoC4/cyfitter_cfg.c **** * Parameters:
 235:Generated_Source\PSoC4/cyfitter_cfg.c **** *   void
 236:Generated_Source\PSoC4/cyfitter_cfg.c **** *
 237:Generated_Source\PSoC4/cyfitter_cfg.c **** * Return:
 238:Generated_Source\PSoC4/cyfitter_cfg.c **** *   void
 239:Generated_Source\PSoC4/cyfitter_cfg.c **** *
 240:Generated_Source\PSoC4/cyfitter_cfg.c **** *******************************************************************************/
 241:Generated_Source\PSoC4/cyfitter_cfg.c **** CY_CFG_SECTION
 242:Generated_Source\PSoC4/cyfitter_cfg.c **** void cyfitter_cfg(void)
 243:Generated_Source\PSoC4/cyfitter_cfg.c **** {
 133              		.loc 1 243 0
 134              		.cfi_startproc
 135              		@ args = 0, pretend = 0, frame = 0
 136              		@ frame_needed = 0, uses_anonymous_args = 0
 137 006c 10B5     		push	{r4, lr}
 138              		.cfi_def_cfa_offset 8
 139              		.cfi_offset 4, -8
 140              		.cfi_offset 14, -4
 244:Generated_Source\PSoC4/cyfitter_cfg.c **** 	/* Disable interrupts by default. Let user enable if/when they want. */
 245:Generated_Source\PSoC4/cyfitter_cfg.c **** 	CyGlobalIntDisable;
 141              		.loc 1 245 0
 142              		.syntax divided
 143              	@ 245 "Generated_Source\PSoC4\cyfitter_cfg.c" 1
 144 006e 72B6     		CPSID   i
 145              	@ 0 "" 2
 146              	.LVL6:
 147              		.thumb
 148              		.syntax unified
 149              	.LBB2:
 246:Generated_Source\PSoC4/cyfitter_cfg.c **** 
 247:Generated_Source\PSoC4/cyfitter_cfg.c **** 	{
 248:Generated_Source\PSoC4/cyfitter_cfg.c **** 
 249:Generated_Source\PSoC4/cyfitter_cfg.c **** 		CYPACKED typedef struct {
 250:Generated_Source\PSoC4/cyfitter_cfg.c **** 			void CYFAR *address;
ARM GAS  C:\Users\davis\AppData\Local\Temp\cceYoMBV.s 			page 8


 251:Generated_Source\PSoC4/cyfitter_cfg.c **** 			uint16 size;
 252:Generated_Source\PSoC4/cyfitter_cfg.c **** 		} CYPACKED_ATTR cfg_memset_t;
 253:Generated_Source\PSoC4/cyfitter_cfg.c **** 
 254:Generated_Source\PSoC4/cyfitter_cfg.c **** 		static const cfg_memset_t CYCODE cfg_memset_list[] = {
 255:Generated_Source\PSoC4/cyfitter_cfg.c **** 			/* address, size */
 256:Generated_Source\PSoC4/cyfitter_cfg.c **** 			{(void CYFAR *)(CYDEV_UDB_P0_U0_BASE), 1024u},
 257:Generated_Source\PSoC4/cyfitter_cfg.c **** 			{(void CYFAR *)(CYDEV_UDB_DSI0_BASE), 1024u},
 258:Generated_Source\PSoC4/cyfitter_cfg.c **** 		};
 259:Generated_Source\PSoC4/cyfitter_cfg.c **** 
 260:Generated_Source\PSoC4/cyfitter_cfg.c **** 		uint8 CYDATA i;
 261:Generated_Source\PSoC4/cyfitter_cfg.c **** 
 262:Generated_Source\PSoC4/cyfitter_cfg.c **** 		/* Zero out critical memory blocks before beginning configuration */
 263:Generated_Source\PSoC4/cyfitter_cfg.c **** 		for (i = 0u; i < (sizeof(cfg_memset_list)/sizeof(cfg_memset_list[0])); i++)
 150              		.loc 1 263 0
 151 0070 0024     		movs	r4, #0
 152 0072 0FE0     		b	.L6
 153              	.LVL7:
 154              	.L7:
 155              	.LBB3:
 264:Generated_Source\PSoC4/cyfitter_cfg.c **** 		{
 265:Generated_Source\PSoC4/cyfitter_cfg.c **** 			const cfg_memset_t CYCODE * CYDATA ms = &cfg_memset_list[i];
 266:Generated_Source\PSoC4/cyfitter_cfg.c **** 			CYMEMZERO(ms->address, (size_t)(uint32)(ms->size));
 156              		.loc 1 266 0 discriminator 3
 157 0074 1748     		ldr	r0, .L8
 158 0076 6200     		lsls	r2, r4, #1
 159 0078 1319     		adds	r3, r2, r4
 160 007a 5900     		lsls	r1, r3, #1
 161 007c 0B00     		movs	r3, r1
 162 007e 4118     		adds	r1, r0, r1
 163 0080 8988     		ldrh	r1, [r1, #4]
 164 0082 1A5A     		ldrh	r2, [r3, r0]
 165 0084 C318     		adds	r3, r0, r3
 166 0086 5888     		ldrh	r0, [r3, #2]
 167 0088 0004     		lsls	r0, r0, #16
 168 008a 1043     		orrs	r0, r2
 169 008c FFF7FEFF 		bl	CYMEMZERO
 170              	.LVL8:
 171              	.LBE3:
 263:Generated_Source\PSoC4/cyfitter_cfg.c **** 		{
 172              		.loc 1 263 0 discriminator 3
 173 0090 0134     		adds	r4, r4, #1
 174              	.LVL9:
 175 0092 E4B2     		uxtb	r4, r4
 176              	.LVL10:
 177              	.L6:
 263:Generated_Source\PSoC4/cyfitter_cfg.c **** 		{
 178              		.loc 1 263 0 is_stmt 0 discriminator 1
 179 0094 012C     		cmp	r4, #1
 180 0096 EDD9     		bls	.L7
 267:Generated_Source\PSoC4/cyfitter_cfg.c **** 		}
 268:Generated_Source\PSoC4/cyfitter_cfg.c **** 
 269:Generated_Source\PSoC4/cyfitter_cfg.c **** 		/* HSIOM Starting address: CYDEV_HSIOM_BASE */
 270:Generated_Source\PSoC4/cyfitter_cfg.c **** 		CY_SET_REG32((void *)(CYREG_HSIOM_PORT_SEL3), 0x0000EE00u);
 181              		.loc 1 270 0 is_stmt 1
 182 0098 EE22     		movs	r2, #238
 183 009a 1202     		lsls	r2, r2, #8
 184 009c 0E4B     		ldr	r3, .L8+4
ARM GAS  C:\Users\davis\AppData\Local\Temp\cceYoMBV.s 			page 9


 185 009e 1A60     		str	r2, [r3]
 271:Generated_Source\PSoC4/cyfitter_cfg.c **** 		CY_SET_REG32((void *)(CYREG_HSIOM_PORT_SEL4), 0x000000EEu);
 186              		.loc 1 271 0
 187 00a0 EE22     		movs	r2, #238
 188 00a2 0E4B     		ldr	r3, .L8+8
 189 00a4 1A60     		str	r2, [r3]
 272:Generated_Source\PSoC4/cyfitter_cfg.c **** 
 273:Generated_Source\PSoC4/cyfitter_cfg.c **** 		/* UDB_PA_3 Starting address: CYDEV_UDB_PA3_BASE */
 274:Generated_Source\PSoC4/cyfitter_cfg.c **** 		CY_SET_REG32((void *)(CYDEV_UDB_PA3_BASE), 0x00990000u);
 190              		.loc 1 274 0
 191 00a6 9922     		movs	r2, #153
 192 00a8 1204     		lsls	r2, r2, #16
 193 00aa 0D4B     		ldr	r3, .L8+12
 194 00ac 1A60     		str	r2, [r3]
 275:Generated_Source\PSoC4/cyfitter_cfg.c **** 
 276:Generated_Source\PSoC4/cyfitter_cfg.c **** 		/* Enable digital routing */
 277:Generated_Source\PSoC4/cyfitter_cfg.c **** 		CY_SET_XTND_REG8((void *)CYREG_UDB_UDBIF_BANK_CTL, (uint8)(CY_GET_XTND_REG8((void *)CYREG_UDB_UDB
 195              		.loc 1 277 0
 196 00ae 0D4A     		ldr	r2, .L8+16
 197 00b0 1178     		ldrb	r1, [r2]
 198 00b2 0623     		movs	r3, #6
 199 00b4 0B43     		orrs	r3, r1
 200 00b6 DBB2     		uxtb	r3, r3
 201 00b8 1370     		strb	r3, [r2]
 202              	.LBE2:
 278:Generated_Source\PSoC4/cyfitter_cfg.c **** 	}
 279:Generated_Source\PSoC4/cyfitter_cfg.c **** 
 280:Generated_Source\PSoC4/cyfitter_cfg.c **** 	/* Perform second pass device configuration. These items must be configured in specific order afte
 281:Generated_Source\PSoC4/cyfitter_cfg.c **** 	/* IOPINS0_3 Starting address: CYDEV_PRT3_BASE */
 282:Generated_Source\PSoC4/cyfitter_cfg.c **** 	CY_SET_REG32((void *)(CYREG_PRT3_PC), 0x00000D80u);
 203              		.loc 1 282 0
 204 00ba D822     		movs	r2, #216
 205 00bc 1201     		lsls	r2, r2, #4
 206 00be 0A4B     		ldr	r3, .L8+20
 207 00c0 1A60     		str	r2, [r3]
 283:Generated_Source\PSoC4/cyfitter_cfg.c **** 
 284:Generated_Source\PSoC4/cyfitter_cfg.c **** 	/* IOPINS0_4 Starting address: CYDEV_PRT4_BASE */
 285:Generated_Source\PSoC4/cyfitter_cfg.c **** 	CY_SET_REG32((void *)(CYDEV_PRT4_BASE), 0x00000003u);
 208              		.loc 1 285 0
 209 00c2 0322     		movs	r2, #3
 210 00c4 094B     		ldr	r3, .L8+24
 211 00c6 1A60     		str	r2, [r3]
 286:Generated_Source\PSoC4/cyfitter_cfg.c **** 	CY_SET_REG32((void *)(CYREG_PRT4_PC), 0x00000024u);
 212              		.loc 1 286 0
 213 00c8 2132     		adds	r2, r2, #33
 214 00ca 094B     		ldr	r3, .L8+28
 215 00cc 1A60     		str	r2, [r3]
 287:Generated_Source\PSoC4/cyfitter_cfg.c **** 
 288:Generated_Source\PSoC4/cyfitter_cfg.c **** 
 289:Generated_Source\PSoC4/cyfitter_cfg.c **** 	/* Setup clocks based on selections from Clock DWR */
 290:Generated_Source\PSoC4/cyfitter_cfg.c **** 	ClockSetup();
 216              		.loc 1 290 0
 217 00ce FFF797FF 		bl	ClockSetup
 218              	.LVL11:
 291:Generated_Source\PSoC4/cyfitter_cfg.c **** 
 292:Generated_Source\PSoC4/cyfitter_cfg.c **** 	/* Perform basic analog initialization to defaults */
 293:Generated_Source\PSoC4/cyfitter_cfg.c **** 	AnalogSetDefault();
ARM GAS  C:\Users\davis\AppData\Local\Temp\cceYoMBV.s 			page 10


 294:Generated_Source\PSoC4/cyfitter_cfg.c **** 
 295:Generated_Source\PSoC4/cyfitter_cfg.c **** }
 219              		.loc 1 295 0
 220              		@ sp needed
 221              	.LVL12:
 222 00d2 10BD     		pop	{r4, pc}
 223              	.L9:
 224              		.align	2
 225              	.L8:
 226 00d4 00000000 		.word	.LANCHOR0
 227 00d8 0C000140 		.word	1073807372
 228 00dc 10000140 		.word	1073807376
 229 00e0 30500F40 		.word	1074745392
 230 00e4 00700F40 		.word	1074753536
 231 00e8 08030440 		.word	1074004744
 232 00ec 00040440 		.word	1074004992
 233 00f0 08040440 		.word	1074005000
 234              		.cfi_endproc
 235              	.LFE5:
 236              		.size	cyfitter_cfg, .-cyfitter_cfg
 237              		.section	.rodata
 238              		.align	2
 239              		.set	.LANCHOR0,. + 0
 240              		.type	cfg_memset_list.4847, %object
 241              		.size	cfg_memset_list.4847, 12
 242              	cfg_memset_list.4847:
 243 0000 00300F40 		.word	1074737152
 244 0004 0004     		.short	1024
 245 0006 00400F40 		.4byte	1074741248
 246 000a 0004     		.short	1024
 247              		.text
 248              	.Letext0:
 249              		.file 2 "c:\\program files (x86)\\cypress\\psoc creator\\4.4\\psoc creator\\import\\gnu\\arm\\5.4.
 250              		.file 3 "Generated_Source\\PSoC4\\cytypes.h"
 251              		.file 4 "Generated_Source\\PSoC4\\CyLib.h"
 252              		.section	.debug_info,"",%progbits
 253              	.Ldebug_info0:
 254 0000 75020000 		.4byte	0x275
 255 0004 0400     		.2byte	0x4
 256 0006 00000000 		.4byte	.Ldebug_abbrev0
 257 000a 04       		.byte	0x4
 258 000b 01       		.uleb128 0x1
 259 000c 3D010000 		.4byte	.LASF29
 260 0010 0C       		.byte	0xc
 261 0011 34020000 		.4byte	.LASF30
 262 0015 B2000000 		.4byte	.LASF31
 263 0019 00000000 		.4byte	.Ldebug_ranges0+0
 264 001d 00000000 		.4byte	0
 265 0021 00000000 		.4byte	.Ldebug_line0
 266 0025 02       		.uleb128 0x2
 267 0026 04       		.byte	0x4
 268 0027 05       		.byte	0x5
 269 0028 696E7400 		.ascii	"int\000"
 270 002c 03       		.uleb128 0x3
 271 002d 06000000 		.4byte	.LASF12
 272 0031 02       		.byte	0x2
 273 0032 D8       		.byte	0xd8
ARM GAS  C:\Users\davis\AppData\Local\Temp\cceYoMBV.s 			page 11


 274 0033 37000000 		.4byte	0x37
 275 0037 04       		.uleb128 0x4
 276 0038 04       		.byte	0x4
 277 0039 07       		.byte	0x7
 278 003a 04010000 		.4byte	.LASF0
 279 003e 04       		.uleb128 0x4
 280 003f 08       		.byte	0x8
 281 0040 05       		.byte	0x5
 282 0041 E1010000 		.4byte	.LASF1
 283 0045 04       		.uleb128 0x4
 284 0046 08       		.byte	0x8
 285 0047 04       		.byte	0x4
 286 0048 1C020000 		.4byte	.LASF2
 287 004c 04       		.uleb128 0x4
 288 004d 01       		.byte	0x1
 289 004e 06       		.byte	0x6
 290 004f 28020000 		.4byte	.LASF3
 291 0053 04       		.uleb128 0x4
 292 0054 01       		.byte	0x1
 293 0055 08       		.byte	0x8
 294 0056 7C000000 		.4byte	.LASF4
 295 005a 04       		.uleb128 0x4
 296 005b 02       		.byte	0x2
 297 005c 05       		.byte	0x5
 298 005d F4010000 		.4byte	.LASF5
 299 0061 04       		.uleb128 0x4
 300 0062 02       		.byte	0x2
 301 0063 07       		.byte	0x7
 302 0064 37000000 		.4byte	.LASF6
 303 0068 04       		.uleb128 0x4
 304 0069 04       		.byte	0x4
 305 006a 05       		.byte	0x5
 306 006b 13020000 		.4byte	.LASF7
 307 006f 04       		.uleb128 0x4
 308 0070 04       		.byte	0x4
 309 0071 07       		.byte	0x7
 310 0072 5A000000 		.4byte	.LASF8
 311 0076 04       		.uleb128 0x4
 312 0077 08       		.byte	0x8
 313 0078 07       		.byte	0x7
 314 0079 26010000 		.4byte	.LASF9
 315 007d 04       		.uleb128 0x4
 316 007e 04       		.byte	0x4
 317 007f 07       		.byte	0x7
 318 0080 D8010000 		.4byte	.LASF10
 319 0084 05       		.uleb128 0x5
 320 0085 04       		.byte	0x4
 321 0086 04       		.uleb128 0x4
 322 0087 01       		.byte	0x1
 323 0088 08       		.byte	0x8
 324 0089 EF010000 		.4byte	.LASF11
 325 008d 06       		.uleb128 0x6
 326 008e 6C000000 		.4byte	.LASF13
 327 0092 03       		.byte	0x3
 328 0093 FB01     		.2byte	0x1fb
 329 0095 53000000 		.4byte	0x53
 330 0099 06       		.uleb128 0x6
ARM GAS  C:\Users\davis\AppData\Local\Temp\cceYoMBV.s 			page 12


 331 009a A4000000 		.4byte	.LASF14
 332 009e 03       		.byte	0x3
 333 009f FC01     		.2byte	0x1fc
 334 00a1 61000000 		.4byte	0x61
 335 00a5 06       		.uleb128 0x6
 336 00a6 AB000000 		.4byte	.LASF15
 337 00aa 03       		.byte	0x3
 338 00ab FD01     		.2byte	0x1fd
 339 00ad 6F000000 		.4byte	0x6f
 340 00b1 04       		.uleb128 0x4
 341 00b2 04       		.byte	0x4
 342 00b3 04       		.byte	0x4
 343 00b4 4A000000 		.4byte	.LASF16
 344 00b8 04       		.uleb128 0x4
 345 00b9 08       		.byte	0x8
 346 00ba 04       		.byte	0x4
 347 00bb 91000000 		.4byte	.LASF17
 348 00bf 06       		.uleb128 0x6
 349 00c0 55000000 		.4byte	.LASF18
 350 00c4 03       		.byte	0x3
 351 00c5 A502     		.2byte	0x2a5
 352 00c7 CB000000 		.4byte	0xcb
 353 00cb 07       		.uleb128 0x7
 354 00cc 8D000000 		.4byte	0x8d
 355 00d0 06       		.uleb128 0x6
 356 00d1 00000000 		.4byte	.LASF19
 357 00d5 03       		.byte	0x3
 358 00d6 A702     		.2byte	0x2a7
 359 00d8 DC000000 		.4byte	0xdc
 360 00dc 07       		.uleb128 0x7
 361 00dd A5000000 		.4byte	0xa5
 362 00e1 08       		.uleb128 0x8
 363 00e2 72000000 		.4byte	.LASF20
 364 00e6 01       		.byte	0x1
 365 00e7 4C       		.byte	0x4c
 366 00e8 00000000 		.4byte	.LFB0
 367 00ec 0C000000 		.4byte	.LFE0-.LFB0
 368 00f0 01       		.uleb128 0x1
 369 00f1 9C       		.byte	0x9c
 370 00f2 2E010000 		.4byte	0x12e
 371 00f6 09       		.uleb128 0x9
 372 00f7 7300     		.ascii	"s\000"
 373 00f9 01       		.byte	0x1
 374 00fa 4C       		.byte	0x4c
 375 00fb 84000000 		.4byte	0x84
 376 00ff 00000000 		.4byte	.LLST0
 377 0103 09       		.uleb128 0x9
 378 0104 6E00     		.ascii	"n\000"
 379 0106 01       		.byte	0x1
 380 0107 4C       		.byte	0x4c
 381 0108 2C000000 		.4byte	0x2c
 382 010c 21000000 		.4byte	.LLST1
 383 0110 0A       		.uleb128 0xa
 384 0111 0A000000 		.4byte	.LVL2
 385 0115 4E020000 		.4byte	0x24e
 386 0119 0B       		.uleb128 0xb
 387 011a 01       		.uleb128 0x1
ARM GAS  C:\Users\davis\AppData\Local\Temp\cceYoMBV.s 			page 13


 388 011b 50       		.byte	0x50
 389 011c 03       		.uleb128 0x3
 390 011d F3       		.byte	0xf3
 391 011e 01       		.uleb128 0x1
 392 011f 50       		.byte	0x50
 393 0120 0B       		.uleb128 0xb
 394 0121 01       		.uleb128 0x1
 395 0122 51       		.byte	0x51
 396 0123 01       		.uleb128 0x1
 397 0124 30       		.byte	0x30
 398 0125 0B       		.uleb128 0xb
 399 0126 01       		.uleb128 0x1
 400 0127 52       		.byte	0x52
 401 0128 03       		.uleb128 0x3
 402 0129 F3       		.byte	0xf3
 403 012a 01       		.uleb128 0x1
 404 012b 51       		.byte	0x51
 405 012c 00       		.byte	0
 406 012d 00       		.byte	0
 407 012e 08       		.uleb128 0x8
 408 012f 2C000000 		.4byte	.LASF21
 409 0133 01       		.byte	0x1
 410 0134 AA       		.byte	0xaa
 411 0135 00000000 		.4byte	.LFB3
 412 0139 6C000000 		.4byte	.LFE3-.LFB3
 413 013d 01       		.uleb128 0x1
 414 013e 9C       		.byte	0x9c
 415 013f 7A010000 		.4byte	0x17a
 416 0143 0C       		.uleb128 0xc
 417 0144 14000000 		.4byte	.LVL3
 418 0148 57020000 		.4byte	0x257
 419 014c 57010000 		.4byte	0x157
 420 0150 0B       		.uleb128 0xb
 421 0151 01       		.uleb128 0x1
 422 0152 50       		.byte	0x50
 423 0153 02       		.uleb128 0x2
 424 0154 08       		.byte	0x8
 425 0155 30       		.byte	0x30
 426 0156 00       		.byte	0
 427 0157 0C       		.uleb128 0xc
 428 0158 38000000 		.4byte	.LVL4
 429 015c 62020000 		.4byte	0x262
 430 0160 6A010000 		.4byte	0x16a
 431 0164 0B       		.uleb128 0xb
 432 0165 01       		.uleb128 0x1
 433 0166 50       		.byte	0x50
 434 0167 01       		.uleb128 0x1
 435 0168 39       		.byte	0x39
 436 0169 00       		.byte	0
 437 016a 0A       		.uleb128 0xa
 438 016b 3E000000 		.4byte	.LVL5
 439 016f 6D020000 		.4byte	0x26d
 440 0173 0B       		.uleb128 0xb
 441 0174 01       		.uleb128 0x1
 442 0175 50       		.byte	0x50
 443 0176 01       		.uleb128 0x1
 444 0177 39       		.byte	0x39
ARM GAS  C:\Users\davis\AppData\Local\Temp\cceYoMBV.s 			page 14


 445 0178 00       		.byte	0
 446 0179 00       		.byte	0
 447 017a 0D       		.uleb128 0xd
 448 017b 11010000 		.4byte	.LASF32
 449 017f 01       		.byte	0x1
 450 0180 F2       		.byte	0xf2
 451 0181 6C000000 		.4byte	.LFB5
 452 0185 88000000 		.4byte	.LFE5-.LFB5
 453 0189 01       		.uleb128 0x1
 454 018a 9C       		.byte	0x9c
 455 018b 4E020000 		.4byte	0x24e
 456 018f 0E       		.uleb128 0xe
 457 0190 70000000 		.4byte	.LBB2
 458 0194 4A000000 		.4byte	.LBE2-.LBB2
 459 0198 44020000 		.4byte	0x244
 460 019c 0F       		.uleb128 0xf
 461 019d 06       		.byte	0x6
 462 019e 01       		.byte	0x1
 463 019f F9       		.byte	0xf9
 464 01a0 BD010000 		.4byte	0x1bd
 465 01a4 10       		.uleb128 0x10
 466 01a5 1E010000 		.4byte	.LASF22
 467 01a9 01       		.byte	0x1
 468 01aa FA       		.byte	0xfa
 469 01ab 84000000 		.4byte	0x84
 470 01af 00       		.byte	0
 471 01b0 10       		.uleb128 0x10
 472 01b1 50000000 		.4byte	.LASF23
 473 01b5 01       		.byte	0x1
 474 01b6 FB       		.byte	0xfb
 475 01b7 99000000 		.4byte	0x99
 476 01bb 04       		.byte	0x4
 477 01bc 00       		.byte	0
 478 01bd 03       		.uleb128 0x3
 479 01be CB010000 		.4byte	.LASF24
 480 01c2 01       		.byte	0x1
 481 01c3 FC       		.byte	0xfc
 482 01c4 9C010000 		.4byte	0x19c
 483 01c8 11       		.uleb128 0x11
 484 01c9 D8010000 		.4byte	0x1d8
 485 01cd D8010000 		.4byte	0x1d8
 486 01d1 12       		.uleb128 0x12
 487 01d2 7D000000 		.4byte	0x7d
 488 01d6 01       		.byte	0x1
 489 01d7 00       		.byte	0
 490 01d8 13       		.uleb128 0x13
 491 01d9 BD010000 		.4byte	0x1bd
 492 01dd 14       		.uleb128 0x14
 493 01de 1C000000 		.4byte	.LASF25
 494 01e2 01       		.byte	0x1
 495 01e3 FE       		.byte	0xfe
 496 01e4 EE010000 		.4byte	0x1ee
 497 01e8 05       		.uleb128 0x5
 498 01e9 03       		.byte	0x3
 499 01ea 00000000 		.4byte	cfg_memset_list.4847
 500 01ee 13       		.uleb128 0x13
 501 01ef C8010000 		.4byte	0x1c8
ARM GAS  C:\Users\davis\AppData\Local\Temp\cceYoMBV.s 			page 15


 502 01f3 15       		.uleb128 0x15
 503 01f4 6900     		.ascii	"i\000"
 504 01f6 01       		.byte	0x1
 505 01f7 0401     		.2byte	0x104
 506 01f9 8D000000 		.4byte	0x8d
 507 01fd 4D000000 		.4byte	.LLST2
 508 0201 16       		.uleb128 0x16
 509 0202 74000000 		.4byte	.LBB3
 510 0206 1C000000 		.4byte	.LBE3-.LBB3
 511 020a 15       		.uleb128 0x15
 512 020b 6D7300   		.ascii	"ms\000"
 513 020e 01       		.byte	0x1
 514 020f 0901     		.2byte	0x109
 515 0211 19020000 		.4byte	0x219
 516 0215 77000000 		.4byte	.LLST3
 517 0219 17       		.uleb128 0x17
 518 021a 04       		.byte	0x4
 519 021b D8010000 		.4byte	0x1d8
 520 021f 0A       		.uleb128 0xa
 521 0220 90000000 		.4byte	.LVL8
 522 0224 E1000000 		.4byte	0xe1
 523 0228 0B       		.uleb128 0xb
 524 0229 01       		.uleb128 0x1
 525 022a 51       		.byte	0x51
 526 022b 15       		.uleb128 0x15
 527 022c 74       		.byte	0x74
 528 022d 00       		.sleb128 0
 529 022e 31       		.byte	0x31
 530 022f 24       		.byte	0x24
 531 0230 74       		.byte	0x74
 532 0231 00       		.sleb128 0
 533 0232 22       		.byte	0x22
 534 0233 31       		.byte	0x31
 535 0234 24       		.byte	0x24
 536 0235 03       		.byte	0x3
 537 0236 04000000 		.4byte	.LANCHOR0+4
 538 023a 22       		.byte	0x22
 539 023b 94       		.byte	0x94
 540 023c 02       		.byte	0x2
 541 023d 0A       		.byte	0xa
 542 023e FFFF     		.2byte	0xffff
 543 0240 1A       		.byte	0x1a
 544 0241 00       		.byte	0
 545 0242 00       		.byte	0
 546 0243 00       		.byte	0
 547 0244 18       		.uleb128 0x18
 548 0245 D2000000 		.4byte	.LVL11
 549 0249 2E010000 		.4byte	0x12e
 550 024d 00       		.byte	0
 551 024e 19       		.uleb128 0x19
 552 024f 8A000000 		.4byte	.LASF33
 553 0253 8A000000 		.4byte	.LASF33
 554 0257 1A       		.uleb128 0x1a
 555 0258 FE010000 		.4byte	.LASF26
 556 025c FE010000 		.4byte	.LASF26
 557 0260 04       		.byte	0x4
 558 0261 6C       		.byte	0x6c
ARM GAS  C:\Users\davis\AppData\Local\Temp\cceYoMBV.s 			page 16


 559 0262 1A       		.uleb128 0x1a
 560 0263 0D000000 		.4byte	.LASF27
 561 0267 0D000000 		.4byte	.LASF27
 562 026b 04       		.byte	0x4
 563 026c D0       		.byte	0xd0
 564 026d 1A       		.uleb128 0x1a
 565 026e 98000000 		.4byte	.LASF28
 566 0272 98000000 		.4byte	.LASF28
 567 0276 04       		.byte	0x4
 568 0277 D6       		.byte	0xd6
 569 0278 00       		.byte	0
 570              		.section	.debug_abbrev,"",%progbits
 571              	.Ldebug_abbrev0:
 572 0000 01       		.uleb128 0x1
 573 0001 11       		.uleb128 0x11
 574 0002 01       		.byte	0x1
 575 0003 25       		.uleb128 0x25
 576 0004 0E       		.uleb128 0xe
 577 0005 13       		.uleb128 0x13
 578 0006 0B       		.uleb128 0xb
 579 0007 03       		.uleb128 0x3
 580 0008 0E       		.uleb128 0xe
 581 0009 1B       		.uleb128 0x1b
 582 000a 0E       		.uleb128 0xe
 583 000b 55       		.uleb128 0x55
 584 000c 17       		.uleb128 0x17
 585 000d 11       		.uleb128 0x11
 586 000e 01       		.uleb128 0x1
 587 000f 10       		.uleb128 0x10
 588 0010 17       		.uleb128 0x17
 589 0011 00       		.byte	0
 590 0012 00       		.byte	0
 591 0013 02       		.uleb128 0x2
 592 0014 24       		.uleb128 0x24
 593 0015 00       		.byte	0
 594 0016 0B       		.uleb128 0xb
 595 0017 0B       		.uleb128 0xb
 596 0018 3E       		.uleb128 0x3e
 597 0019 0B       		.uleb128 0xb
 598 001a 03       		.uleb128 0x3
 599 001b 08       		.uleb128 0x8
 600 001c 00       		.byte	0
 601 001d 00       		.byte	0
 602 001e 03       		.uleb128 0x3
 603 001f 16       		.uleb128 0x16
 604 0020 00       		.byte	0
 605 0021 03       		.uleb128 0x3
 606 0022 0E       		.uleb128 0xe
 607 0023 3A       		.uleb128 0x3a
 608 0024 0B       		.uleb128 0xb
 609 0025 3B       		.uleb128 0x3b
 610 0026 0B       		.uleb128 0xb
 611 0027 49       		.uleb128 0x49
 612 0028 13       		.uleb128 0x13
 613 0029 00       		.byte	0
 614 002a 00       		.byte	0
 615 002b 04       		.uleb128 0x4
ARM GAS  C:\Users\davis\AppData\Local\Temp\cceYoMBV.s 			page 17


 616 002c 24       		.uleb128 0x24
 617 002d 00       		.byte	0
 618 002e 0B       		.uleb128 0xb
 619 002f 0B       		.uleb128 0xb
 620 0030 3E       		.uleb128 0x3e
 621 0031 0B       		.uleb128 0xb
 622 0032 03       		.uleb128 0x3
 623 0033 0E       		.uleb128 0xe
 624 0034 00       		.byte	0
 625 0035 00       		.byte	0
 626 0036 05       		.uleb128 0x5
 627 0037 0F       		.uleb128 0xf
 628 0038 00       		.byte	0
 629 0039 0B       		.uleb128 0xb
 630 003a 0B       		.uleb128 0xb
 631 003b 00       		.byte	0
 632 003c 00       		.byte	0
 633 003d 06       		.uleb128 0x6
 634 003e 16       		.uleb128 0x16
 635 003f 00       		.byte	0
 636 0040 03       		.uleb128 0x3
 637 0041 0E       		.uleb128 0xe
 638 0042 3A       		.uleb128 0x3a
 639 0043 0B       		.uleb128 0xb
 640 0044 3B       		.uleb128 0x3b
 641 0045 05       		.uleb128 0x5
 642 0046 49       		.uleb128 0x49
 643 0047 13       		.uleb128 0x13
 644 0048 00       		.byte	0
 645 0049 00       		.byte	0
 646 004a 07       		.uleb128 0x7
 647 004b 35       		.uleb128 0x35
 648 004c 00       		.byte	0
 649 004d 49       		.uleb128 0x49
 650 004e 13       		.uleb128 0x13
 651 004f 00       		.byte	0
 652 0050 00       		.byte	0
 653 0051 08       		.uleb128 0x8
 654 0052 2E       		.uleb128 0x2e
 655 0053 01       		.byte	0x1
 656 0054 03       		.uleb128 0x3
 657 0055 0E       		.uleb128 0xe
 658 0056 3A       		.uleb128 0x3a
 659 0057 0B       		.uleb128 0xb
 660 0058 3B       		.uleb128 0x3b
 661 0059 0B       		.uleb128 0xb
 662 005a 27       		.uleb128 0x27
 663 005b 19       		.uleb128 0x19
 664 005c 11       		.uleb128 0x11
 665 005d 01       		.uleb128 0x1
 666 005e 12       		.uleb128 0x12
 667 005f 06       		.uleb128 0x6
 668 0060 40       		.uleb128 0x40
 669 0061 18       		.uleb128 0x18
 670 0062 9742     		.uleb128 0x2117
 671 0064 19       		.uleb128 0x19
 672 0065 01       		.uleb128 0x1
ARM GAS  C:\Users\davis\AppData\Local\Temp\cceYoMBV.s 			page 18


 673 0066 13       		.uleb128 0x13
 674 0067 00       		.byte	0
 675 0068 00       		.byte	0
 676 0069 09       		.uleb128 0x9
 677 006a 05       		.uleb128 0x5
 678 006b 00       		.byte	0
 679 006c 03       		.uleb128 0x3
 680 006d 08       		.uleb128 0x8
 681 006e 3A       		.uleb128 0x3a
 682 006f 0B       		.uleb128 0xb
 683 0070 3B       		.uleb128 0x3b
 684 0071 0B       		.uleb128 0xb
 685 0072 49       		.uleb128 0x49
 686 0073 13       		.uleb128 0x13
 687 0074 02       		.uleb128 0x2
 688 0075 17       		.uleb128 0x17
 689 0076 00       		.byte	0
 690 0077 00       		.byte	0
 691 0078 0A       		.uleb128 0xa
 692 0079 898201   		.uleb128 0x4109
 693 007c 01       		.byte	0x1
 694 007d 11       		.uleb128 0x11
 695 007e 01       		.uleb128 0x1
 696 007f 31       		.uleb128 0x31
 697 0080 13       		.uleb128 0x13
 698 0081 00       		.byte	0
 699 0082 00       		.byte	0
 700 0083 0B       		.uleb128 0xb
 701 0084 8A8201   		.uleb128 0x410a
 702 0087 00       		.byte	0
 703 0088 02       		.uleb128 0x2
 704 0089 18       		.uleb128 0x18
 705 008a 9142     		.uleb128 0x2111
 706 008c 18       		.uleb128 0x18
 707 008d 00       		.byte	0
 708 008e 00       		.byte	0
 709 008f 0C       		.uleb128 0xc
 710 0090 898201   		.uleb128 0x4109
 711 0093 01       		.byte	0x1
 712 0094 11       		.uleb128 0x11
 713 0095 01       		.uleb128 0x1
 714 0096 31       		.uleb128 0x31
 715 0097 13       		.uleb128 0x13
 716 0098 01       		.uleb128 0x1
 717 0099 13       		.uleb128 0x13
 718 009a 00       		.byte	0
 719 009b 00       		.byte	0
 720 009c 0D       		.uleb128 0xd
 721 009d 2E       		.uleb128 0x2e
 722 009e 01       		.byte	0x1
 723 009f 3F       		.uleb128 0x3f
 724 00a0 19       		.uleb128 0x19
 725 00a1 03       		.uleb128 0x3
 726 00a2 0E       		.uleb128 0xe
 727 00a3 3A       		.uleb128 0x3a
 728 00a4 0B       		.uleb128 0xb
 729 00a5 3B       		.uleb128 0x3b
ARM GAS  C:\Users\davis\AppData\Local\Temp\cceYoMBV.s 			page 19


 730 00a6 0B       		.uleb128 0xb
 731 00a7 27       		.uleb128 0x27
 732 00a8 19       		.uleb128 0x19
 733 00a9 11       		.uleb128 0x11
 734 00aa 01       		.uleb128 0x1
 735 00ab 12       		.uleb128 0x12
 736 00ac 06       		.uleb128 0x6
 737 00ad 40       		.uleb128 0x40
 738 00ae 18       		.uleb128 0x18
 739 00af 9742     		.uleb128 0x2117
 740 00b1 19       		.uleb128 0x19
 741 00b2 01       		.uleb128 0x1
 742 00b3 13       		.uleb128 0x13
 743 00b4 00       		.byte	0
 744 00b5 00       		.byte	0
 745 00b6 0E       		.uleb128 0xe
 746 00b7 0B       		.uleb128 0xb
 747 00b8 01       		.byte	0x1
 748 00b9 11       		.uleb128 0x11
 749 00ba 01       		.uleb128 0x1
 750 00bb 12       		.uleb128 0x12
 751 00bc 06       		.uleb128 0x6
 752 00bd 01       		.uleb128 0x1
 753 00be 13       		.uleb128 0x13
 754 00bf 00       		.byte	0
 755 00c0 00       		.byte	0
 756 00c1 0F       		.uleb128 0xf
 757 00c2 13       		.uleb128 0x13
 758 00c3 01       		.byte	0x1
 759 00c4 0B       		.uleb128 0xb
 760 00c5 0B       		.uleb128 0xb
 761 00c6 3A       		.uleb128 0x3a
 762 00c7 0B       		.uleb128 0xb
 763 00c8 3B       		.uleb128 0x3b
 764 00c9 0B       		.uleb128 0xb
 765 00ca 01       		.uleb128 0x1
 766 00cb 13       		.uleb128 0x13
 767 00cc 00       		.byte	0
 768 00cd 00       		.byte	0
 769 00ce 10       		.uleb128 0x10
 770 00cf 0D       		.uleb128 0xd
 771 00d0 00       		.byte	0
 772 00d1 03       		.uleb128 0x3
 773 00d2 0E       		.uleb128 0xe
 774 00d3 3A       		.uleb128 0x3a
 775 00d4 0B       		.uleb128 0xb
 776 00d5 3B       		.uleb128 0x3b
 777 00d6 0B       		.uleb128 0xb
 778 00d7 49       		.uleb128 0x49
 779 00d8 13       		.uleb128 0x13
 780 00d9 38       		.uleb128 0x38
 781 00da 0B       		.uleb128 0xb
 782 00db 00       		.byte	0
 783 00dc 00       		.byte	0
 784 00dd 11       		.uleb128 0x11
 785 00de 01       		.uleb128 0x1
 786 00df 01       		.byte	0x1
ARM GAS  C:\Users\davis\AppData\Local\Temp\cceYoMBV.s 			page 20


 787 00e0 49       		.uleb128 0x49
 788 00e1 13       		.uleb128 0x13
 789 00e2 01       		.uleb128 0x1
 790 00e3 13       		.uleb128 0x13
 791 00e4 00       		.byte	0
 792 00e5 00       		.byte	0
 793 00e6 12       		.uleb128 0x12
 794 00e7 21       		.uleb128 0x21
 795 00e8 00       		.byte	0
 796 00e9 49       		.uleb128 0x49
 797 00ea 13       		.uleb128 0x13
 798 00eb 2F       		.uleb128 0x2f
 799 00ec 0B       		.uleb128 0xb
 800 00ed 00       		.byte	0
 801 00ee 00       		.byte	0
 802 00ef 13       		.uleb128 0x13
 803 00f0 26       		.uleb128 0x26
 804 00f1 00       		.byte	0
 805 00f2 49       		.uleb128 0x49
 806 00f3 13       		.uleb128 0x13
 807 00f4 00       		.byte	0
 808 00f5 00       		.byte	0
 809 00f6 14       		.uleb128 0x14
 810 00f7 34       		.uleb128 0x34
 811 00f8 00       		.byte	0
 812 00f9 03       		.uleb128 0x3
 813 00fa 0E       		.uleb128 0xe
 814 00fb 3A       		.uleb128 0x3a
 815 00fc 0B       		.uleb128 0xb
 816 00fd 3B       		.uleb128 0x3b
 817 00fe 0B       		.uleb128 0xb
 818 00ff 49       		.uleb128 0x49
 819 0100 13       		.uleb128 0x13
 820 0101 02       		.uleb128 0x2
 821 0102 18       		.uleb128 0x18
 822 0103 00       		.byte	0
 823 0104 00       		.byte	0
 824 0105 15       		.uleb128 0x15
 825 0106 34       		.uleb128 0x34
 826 0107 00       		.byte	0
 827 0108 03       		.uleb128 0x3
 828 0109 08       		.uleb128 0x8
 829 010a 3A       		.uleb128 0x3a
 830 010b 0B       		.uleb128 0xb
 831 010c 3B       		.uleb128 0x3b
 832 010d 05       		.uleb128 0x5
 833 010e 49       		.uleb128 0x49
 834 010f 13       		.uleb128 0x13
 835 0110 02       		.uleb128 0x2
 836 0111 17       		.uleb128 0x17
 837 0112 00       		.byte	0
 838 0113 00       		.byte	0
 839 0114 16       		.uleb128 0x16
 840 0115 0B       		.uleb128 0xb
 841 0116 01       		.byte	0x1
 842 0117 11       		.uleb128 0x11
 843 0118 01       		.uleb128 0x1
ARM GAS  C:\Users\davis\AppData\Local\Temp\cceYoMBV.s 			page 21


 844 0119 12       		.uleb128 0x12
 845 011a 06       		.uleb128 0x6
 846 011b 00       		.byte	0
 847 011c 00       		.byte	0
 848 011d 17       		.uleb128 0x17
 849 011e 0F       		.uleb128 0xf
 850 011f 00       		.byte	0
 851 0120 0B       		.uleb128 0xb
 852 0121 0B       		.uleb128 0xb
 853 0122 49       		.uleb128 0x49
 854 0123 13       		.uleb128 0x13
 855 0124 00       		.byte	0
 856 0125 00       		.byte	0
 857 0126 18       		.uleb128 0x18
 858 0127 898201   		.uleb128 0x4109
 859 012a 00       		.byte	0
 860 012b 11       		.uleb128 0x11
 861 012c 01       		.uleb128 0x1
 862 012d 31       		.uleb128 0x31
 863 012e 13       		.uleb128 0x13
 864 012f 00       		.byte	0
 865 0130 00       		.byte	0
 866 0131 19       		.uleb128 0x19
 867 0132 2E       		.uleb128 0x2e
 868 0133 00       		.byte	0
 869 0134 3F       		.uleb128 0x3f
 870 0135 19       		.uleb128 0x19
 871 0136 3C       		.uleb128 0x3c
 872 0137 19       		.uleb128 0x19
 873 0138 6E       		.uleb128 0x6e
 874 0139 0E       		.uleb128 0xe
 875 013a 03       		.uleb128 0x3
 876 013b 0E       		.uleb128 0xe
 877 013c 00       		.byte	0
 878 013d 00       		.byte	0
 879 013e 1A       		.uleb128 0x1a
 880 013f 2E       		.uleb128 0x2e
 881 0140 00       		.byte	0
 882 0141 3F       		.uleb128 0x3f
 883 0142 19       		.uleb128 0x19
 884 0143 3C       		.uleb128 0x3c
 885 0144 19       		.uleb128 0x19
 886 0145 6E       		.uleb128 0x6e
 887 0146 0E       		.uleb128 0xe
 888 0147 03       		.uleb128 0x3
 889 0148 0E       		.uleb128 0xe
 890 0149 3A       		.uleb128 0x3a
 891 014a 0B       		.uleb128 0xb
 892 014b 3B       		.uleb128 0x3b
 893 014c 0B       		.uleb128 0xb
 894 014d 00       		.byte	0
 895 014e 00       		.byte	0
 896 014f 00       		.byte	0
 897              		.section	.debug_loc,"",%progbits
 898              	.Ldebug_loc0:
 899              	.LLST0:
 900 0000 00000000 		.4byte	.LVL0
ARM GAS  C:\Users\davis\AppData\Local\Temp\cceYoMBV.s 			page 22


 901 0004 09000000 		.4byte	.LVL2-1
 902 0008 0100     		.2byte	0x1
 903 000a 50       		.byte	0x50
 904 000b 09000000 		.4byte	.LVL2-1
 905 000f 0C000000 		.4byte	.LFE0
 906 0013 0400     		.2byte	0x4
 907 0015 F3       		.byte	0xf3
 908 0016 01       		.uleb128 0x1
 909 0017 50       		.byte	0x50
 910 0018 9F       		.byte	0x9f
 911 0019 00000000 		.4byte	0
 912 001d 00000000 		.4byte	0
 913              	.LLST1:
 914 0021 00000000 		.4byte	.LVL0
 915 0025 06000000 		.4byte	.LVL1
 916 0029 0100     		.2byte	0x1
 917 002b 51       		.byte	0x51
 918 002c 06000000 		.4byte	.LVL1
 919 0030 09000000 		.4byte	.LVL2-1
 920 0034 0100     		.2byte	0x1
 921 0036 52       		.byte	0x52
 922 0037 09000000 		.4byte	.LVL2-1
 923 003b 0C000000 		.4byte	.LFE0
 924 003f 0400     		.2byte	0x4
 925 0041 F3       		.byte	0xf3
 926 0042 01       		.uleb128 0x1
 927 0043 51       		.byte	0x51
 928 0044 9F       		.byte	0x9f
 929 0045 00000000 		.4byte	0
 930 0049 00000000 		.4byte	0
 931              	.LLST2:
 932 004d 70000000 		.4byte	.LVL6
 933 0051 74000000 		.4byte	.LVL7
 934 0055 0200     		.2byte	0x2
 935 0057 30       		.byte	0x30
 936 0058 9F       		.byte	0x9f
 937 0059 74000000 		.4byte	.LVL7
 938 005d 92000000 		.4byte	.LVL9
 939 0061 0100     		.2byte	0x1
 940 0063 54       		.byte	0x54
 941 0064 94000000 		.4byte	.LVL10
 942 0068 D2000000 		.4byte	.LVL12
 943 006c 0100     		.2byte	0x1
 944 006e 54       		.byte	0x54
 945 006f 00000000 		.4byte	0
 946 0073 00000000 		.4byte	0
 947              	.LLST3:
 948 0077 74000000 		.4byte	.LVL7
 949 007b 92000000 		.4byte	.LVL9
 950 007f 0B00     		.2byte	0xb
 951 0081 74       		.byte	0x74
 952 0082 00       		.sleb128 0
 953 0083 36       		.byte	0x36
 954 0084 1E       		.byte	0x1e
 955 0085 03       		.byte	0x3
 956 0086 00000000 		.4byte	cfg_memset_list.4847
 957 008a 22       		.byte	0x22
ARM GAS  C:\Users\davis\AppData\Local\Temp\cceYoMBV.s 			page 23


 958 008b 9F       		.byte	0x9f
 959 008c 92000000 		.4byte	.LVL9
 960 0090 94000000 		.4byte	.LVL10
 961 0094 0B00     		.2byte	0xb
 962 0096 74       		.byte	0x74
 963 0097 7F       		.sleb128 -1
 964 0098 36       		.byte	0x36
 965 0099 1E       		.byte	0x1e
 966 009a 03       		.byte	0x3
 967 009b 00000000 		.4byte	cfg_memset_list.4847
 968 009f 22       		.byte	0x22
 969 00a0 9F       		.byte	0x9f
 970 00a1 00000000 		.4byte	0
 971 00a5 00000000 		.4byte	0
 972              		.section	.debug_aranges,"",%progbits
 973 0000 2C000000 		.4byte	0x2c
 974 0004 0200     		.2byte	0x2
 975 0006 00000000 		.4byte	.Ldebug_info0
 976 000a 04       		.byte	0x4
 977 000b 00       		.byte	0
 978 000c 0000     		.2byte	0
 979 000e 0000     		.2byte	0
 980 0010 00000000 		.4byte	.LFB0
 981 0014 0C000000 		.4byte	.LFE0-.LFB0
 982 0018 00000000 		.4byte	.LFB3
 983 001c 6C000000 		.4byte	.LFE3-.LFB3
 984 0020 6C000000 		.4byte	.LFB5
 985 0024 88000000 		.4byte	.LFE5-.LFB5
 986 0028 00000000 		.4byte	0
 987 002c 00000000 		.4byte	0
 988              		.section	.debug_ranges,"",%progbits
 989              	.Ldebug_ranges0:
 990 0000 00000000 		.4byte	.LFB0
 991 0004 0C000000 		.4byte	.LFE0
 992 0008 00000000 		.4byte	.LFB3
 993 000c 6C000000 		.4byte	.LFE3
 994 0010 6C000000 		.4byte	.LFB5
 995 0014 F4000000 		.4byte	.LFE5
 996 0018 00000000 		.4byte	0
 997 001c 00000000 		.4byte	0
 998              		.section	.debug_line,"",%progbits
 999              	.Ldebug_line0:
 1000 0000 2A010000 		.section	.debug_str,"MS",%progbits,1
 1000      0200D600 
 1000      00000201 
 1000      FB0E0D00 
 1000      01010101 
 1001              	.LASF19:
 1002 0000 72656733 		.ascii	"reg32\000"
 1002      3200
 1003              	.LASF12:
 1004 0006 73697A65 		.ascii	"size_t\000"
 1004      5F7400
 1005              	.LASF27:
 1006 000d 4379496E 		.ascii	"CyIntSetVector\000"
 1006      74536574 
 1006      56656374 
ARM GAS  C:\Users\davis\AppData\Local\Temp\cceYoMBV.s 			page 24


 1006      6F7200
 1007              	.LASF25:
 1008 001c 6366675F 		.ascii	"cfg_memset_list\000"
 1008      6D656D73 
 1008      65745F6C 
 1008      69737400 
 1009              	.LASF21:
 1010 002c 436C6F63 		.ascii	"ClockSetup\000"
 1010      6B536574 
 1010      757000
 1011              	.LASF6:
 1012 0037 73686F72 		.ascii	"short unsigned int\000"
 1012      7420756E 
 1012      7369676E 
 1012      65642069 
 1012      6E7400
 1013              	.LASF16:
 1014 004a 666C6F61 		.ascii	"float\000"
 1014      7400
 1015              	.LASF23:
 1016 0050 73697A65 		.ascii	"size\000"
 1016      00
 1017              	.LASF18:
 1018 0055 72656738 		.ascii	"reg8\000"
 1018      00
 1019              	.LASF8:
 1020 005a 6C6F6E67 		.ascii	"long unsigned int\000"
 1020      20756E73 
 1020      69676E65 
 1020      6420696E 
 1020      7400
 1021              	.LASF13:
 1022 006c 75696E74 		.ascii	"uint8\000"
 1022      3800
 1023              	.LASF20:
 1024 0072 43594D45 		.ascii	"CYMEMZERO\000"
 1024      4D5A4552 
 1024      4F00
 1025              	.LASF4:
 1026 007c 756E7369 		.ascii	"unsigned char\000"
 1026      676E6564 
 1026      20636861 
 1026      7200
 1027              	.LASF33:
 1028 008a 6D656D73 		.ascii	"memset\000"
 1028      657400
 1029              	.LASF17:
 1030 0091 646F7562 		.ascii	"double\000"
 1030      6C6500
 1031              	.LASF28:
 1032 0098 4379496E 		.ascii	"CyIntEnable\000"
 1032      74456E61 
 1032      626C6500 
 1033              	.LASF14:
 1034 00a4 75696E74 		.ascii	"uint16\000"
 1034      313600
 1035              	.LASF15:
ARM GAS  C:\Users\davis\AppData\Local\Temp\cceYoMBV.s 			page 25


 1036 00ab 75696E74 		.ascii	"uint32\000"
 1036      333200
 1037              	.LASF31:
 1038 00b2 433A5C55 		.ascii	"C:\\Users\\davis\\Documents\\PSoC Creator\\PCA9685_"
 1038      73657273 
 1038      5C646176 
 1038      69735C44 
 1038      6F63756D 
 1039 00e0 44726976 		.ascii	"Driver\\I2C bus PWM Controller.cydsn\000"
 1039      65725C49 
 1039      32432062 
 1039      75732050 
 1039      574D2043 
 1040              	.LASF0:
 1041 0104 756E7369 		.ascii	"unsigned int\000"
 1041      676E6564 
 1041      20696E74 
 1041      00
 1042              	.LASF32:
 1043 0111 63796669 		.ascii	"cyfitter_cfg\000"
 1043      74746572 
 1043      5F636667 
 1043      00
 1044              	.LASF22:
 1045 011e 61646472 		.ascii	"address\000"
 1045      65737300 
 1046              	.LASF9:
 1047 0126 6C6F6E67 		.ascii	"long long unsigned int\000"
 1047      206C6F6E 
 1047      6720756E 
 1047      7369676E 
 1047      65642069 
 1048              	.LASF29:
 1049 013d 474E5520 		.ascii	"GNU C11 5.4.1 20160609 (release) [ARM/embedded-5-br"
 1049      43313120 
 1049      352E342E 
 1049      31203230 
 1049      31363036 
 1050 0170 616E6368 		.ascii	"anch revision 237715] -mcpu=cortex-m0 -mthumb -g -O"
 1050      20726576 
 1050      6973696F 
 1050      6E203233 
 1050      37373135 
 1051 01a3 67202D66 		.ascii	"g -ffunction-sections -ffat-lto-objects\000"
 1051      66756E63 
 1051      74696F6E 
 1051      2D736563 
 1051      74696F6E 
 1052              	.LASF24:
 1053 01cb 6366675F 		.ascii	"cfg_memset_t\000"
 1053      6D656D73 
 1053      65745F74 
 1053      00
 1054              	.LASF10:
 1055 01d8 73697A65 		.ascii	"sizetype\000"
 1055      74797065 
 1055      00
ARM GAS  C:\Users\davis\AppData\Local\Temp\cceYoMBV.s 			page 26


 1056              	.LASF1:
 1057 01e1 6C6F6E67 		.ascii	"long long int\000"
 1057      206C6F6E 
 1057      6720696E 
 1057      7400
 1058              	.LASF11:
 1059 01ef 63686172 		.ascii	"char\000"
 1059      00
 1060              	.LASF5:
 1061 01f4 73686F72 		.ascii	"short int\000"
 1061      7420696E 
 1061      7400
 1062              	.LASF26:
 1063 01fe 43795379 		.ascii	"CySysClkWriteImoFreq\000"
 1063      73436C6B 
 1063      57726974 
 1063      65496D6F 
 1063      46726571 
 1064              	.LASF7:
 1065 0213 6C6F6E67 		.ascii	"long int\000"
 1065      20696E74 
 1065      00
 1066              	.LASF2:
 1067 021c 6C6F6E67 		.ascii	"long double\000"
 1067      20646F75 
 1067      626C6500 
 1068              	.LASF3:
 1069 0228 7369676E 		.ascii	"signed char\000"
 1069      65642063 
 1069      68617200 
 1070              	.LASF30:
 1071 0234 47656E65 		.ascii	"Generated_Source\\PSoC4\\cyfitter_cfg.c\000"
 1071      72617465 
 1071      645F536F 
 1071      75726365 
 1071      5C50536F 
 1072              		.ident	"GCC: (GNU Tools for ARM Embedded Processors) 5.4.1 20160609 (release) [ARM/embedded-5-bran
