Archive member included to satisfy reference by file (symbol)

.\CortexM0\ARM_GCC_541\Debug\I2C bus PWM Controller.a(I2C.o)
                              .\CortexM0\ARM_GCC_541\Debug\PCA9685.o (I2C_Enable)
.\CortexM0\ARM_GCC_541\Debug\I2C bus PWM Controller.a(I2C_I2C.o)
                              .\CortexM0\ARM_GCC_541\Debug\I2C bus PWM Controller.a(I2C.o) (I2C_I2CInit)
.\CortexM0\ARM_GCC_541\Debug\I2C bus PWM Controller.a(I2C_I2C_MASTER.o)
                              .\CortexM0\ARM_GCC_541\Debug\I2C bus PWM Controller.a(I2C_I2C.o) (I2C_mstrRdBufIndex)
.\CortexM0\ARM_GCC_541\Debug\I2C bus PWM Controller.a(CyLib.o)
                              .\CortexM0\ARM_GCC_541\Debug\cyfitter_cfg.o (CyIntEnable)
.\CortexM0\ARM_GCC_541\Debug\I2C bus PWM Controller.a(CyLFClk.o)
                              .\CortexM0\ARM_GCC_541\Debug\cyfitter_cfg.o (CySysWdtIsr)
.\CortexM0\ARM_GCC_541\Debug\I2C bus PWM Controller.a(I2C_sda.o)
                              .\CortexM0\ARM_GCC_541\Debug\I2C bus PWM Controller.a(I2C_I2C_MASTER.o) (I2C_sda_Read)
.\CortexM0\ARM_GCC_541\Debug\I2C bus PWM Controller.a(I2C_scl.o)
                              .\CortexM0\ARM_GCC_541\Debug\I2C bus PWM Controller.a(I2C_I2C_MASTER.o) (I2C_scl_Write)
.\CortexM0\ARM_GCC_541\Debug\I2C bus PWM Controller.a(CyBootAsmGnu.o)
                              .\CortexM0\ARM_GCC_541\Debug\I2C bus PWM Controller.a(CyLib.o) (CyDelayCycles)
.\CortexM0\ARM_GCC_541\Debug\I2C bus PWM Controller.a(I2C_I2C_INT.o)
                              .\CortexM0\ARM_GCC_541\Debug\I2C bus PWM Controller.a(I2C_I2C.o) (I2C_I2C_ISR)
c:/program files (x86)/cypress/psoc creator/4.4/psoc creator/import/gnu/arm/5.4.1/bin/../lib/gcc/arm-none-eabi/5.4.1/armv6-m\libgcc.a(_udivsi3.o)
                              .\CortexM0\ARM_GCC_541\Debug\I2C bus PWM Controller.a(CyLib.o) (__aeabi_uidiv)
c:/program files (x86)/cypress/psoc creator/4.4/psoc creator/import/gnu/arm/5.4.1/bin/../lib/gcc/arm-none-eabi/5.4.1/armv6-m\libgcc.a(_divsi3.o)
                              .\CortexM0\ARM_GCC_541\Debug\PCA9685.o (__aeabi_idiv)
c:/program files (x86)/cypress/psoc creator/4.4/psoc creator/import/gnu/arm/5.4.1/bin/../lib/gcc/arm-none-eabi/5.4.1/armv6-m\libgcc.a(_dvmd_tls.o)
                              c:/program files (x86)/cypress/psoc creator/4.4/psoc creator/import/gnu/arm/5.4.1/bin/../lib/gcc/arm-none-eabi/5.4.1/armv6-m\libgcc.a(_udivsi3.o) (__aeabi_idiv0)
c:/program files (x86)/cypress/psoc creator/4.4/psoc creator/import/gnu/arm/5.4.1/bin/../lib/gcc/arm-none-eabi/5.4.1/../../../../arm-none-eabi/lib/armv6-m\libg_nano.a(lib_a-errno.o)
                              .\CortexM0\ARM_GCC_541\Debug\Cm0Start.o (__errno)
c:/program files (x86)/cypress/psoc creator/4.4/psoc creator/import/gnu/arm/5.4.1/bin/../lib/gcc/arm-none-eabi/5.4.1/../../../../arm-none-eabi/lib/armv6-m\libg_nano.a(lib_a-exit.o)
                              c:/program files (x86)/cypress/psoc creator/4.4/psoc creator/import/gnu/arm/5.4.1/bin/../lib/gcc/arm-none-eabi/5.4.1/../../../../arm-none-eabi/lib/armv6-m/crt0.o (exit)
c:/program files (x86)/cypress/psoc creator/4.4/psoc creator/import/gnu/arm/5.4.1/bin/../lib/gcc/arm-none-eabi/5.4.1/../../../../arm-none-eabi/lib/armv6-m\libg_nano.a(lib_a-impure.o)
                              c:/program files (x86)/cypress/psoc creator/4.4/psoc creator/import/gnu/arm/5.4.1/bin/../lib/gcc/arm-none-eabi/5.4.1/../../../../arm-none-eabi/lib/armv6-m\libg_nano.a(lib_a-exit.o) (_global_impure_ptr)
c:/program files (x86)/cypress/psoc creator/4.4/psoc creator/import/gnu/arm/5.4.1/bin/../lib/gcc/arm-none-eabi/5.4.1/../../../../arm-none-eabi/lib/armv6-m\libg_nano.a(lib_a-init.o)
                              c:/program files (x86)/cypress/psoc creator/4.4/psoc creator/import/gnu/arm/5.4.1/bin/../lib/gcc/arm-none-eabi/5.4.1/../../../../arm-none-eabi/lib/armv6-m/crt0.o (__libc_init_array)
c:/program files (x86)/cypress/psoc creator/4.4/psoc creator/import/gnu/arm/5.4.1/bin/../lib/gcc/arm-none-eabi/5.4.1/../../../../arm-none-eabi/lib/armv6-m\libg_nano.a(lib_a-memset.o)
                              c:/program files (x86)/cypress/psoc creator/4.4/psoc creator/import/gnu/arm/5.4.1/bin/../lib/gcc/arm-none-eabi/5.4.1/../../../../arm-none-eabi/lib/armv6-m/crt0.o (memset)

Allocating common symbols
Common symbol       size              file

I2C_mstrWrBufIndexTmp
                    0x4               .\CortexM0\ARM_GCC_541\Debug\I2C bus PWM Controller.a(I2C_I2C_MASTER.o)
I2C_state           0x1               .\CortexM0\ARM_GCC_541\Debug\I2C bus PWM Controller.a(I2C_I2C.o)
I2C_mstrWrBufIndex  0x4               .\CortexM0\ARM_GCC_541\Debug\I2C bus PWM Controller.a(I2C_I2C_MASTER.o)
I2C_mstrWrBufSize   0x4               .\CortexM0\ARM_GCC_541\Debug\I2C bus PWM Controller.a(I2C_I2C_MASTER.o)
I2C_mstrStatus      0x2               .\CortexM0\ARM_GCC_541\Debug\I2C bus PWM Controller.a(I2C_I2C_MASTER.o)
I2C_mstrRdBufPtr    0x4               .\CortexM0\ARM_GCC_541\Debug\I2C bus PWM Controller.a(I2C_I2C_MASTER.o)
I2C_mstrControl     0x1               .\CortexM0\ARM_GCC_541\Debug\I2C bus PWM Controller.a(I2C_I2C_MASTER.o)
I2C_mstrRdBufSize   0x4               .\CortexM0\ARM_GCC_541\Debug\I2C bus PWM Controller.a(I2C_I2C_MASTER.o)
I2C_mstrRdBufIndex  0x4               .\CortexM0\ARM_GCC_541\Debug\I2C bus PWM Controller.a(I2C_I2C_MASTER.o)
I2C_mstrWrBufPtr    0x4               .\CortexM0\ARM_GCC_541\Debug\I2C bus PWM Controller.a(I2C_I2C_MASTER.o)

Discarded input sections

 .text          0x00000000        0x0 c:/program files (x86)/cypress/psoc creator/4.4/psoc creator/import/gnu/arm/5.4.1/bin/../lib/gcc/arm-none-eabi/5.4.1/armv6-m/crti.o
 .data          0x00000000        0x0 c:/program files (x86)/cypress/psoc creator/4.4/psoc creator/import/gnu/arm/5.4.1/bin/../lib/gcc/arm-none-eabi/5.4.1/armv6-m/crti.o
 .bss           0x00000000        0x0 c:/program files (x86)/cypress/psoc creator/4.4/psoc creator/import/gnu/arm/5.4.1/bin/../lib/gcc/arm-none-eabi/5.4.1/armv6-m/crti.o
 .data          0x00000000        0x4 c:/program files (x86)/cypress/psoc creator/4.4/psoc creator/import/gnu/arm/5.4.1/bin/../lib/gcc/arm-none-eabi/5.4.1/armv6-m/crtbegin.o
 .text          0x00000000       0x78 c:/program files (x86)/cypress/psoc creator/4.4/psoc creator/import/gnu/arm/5.4.1/bin/../lib/gcc/arm-none-eabi/5.4.1/../../../../arm-none-eabi/lib/armv6-m/crt0.o
 .data          0x00000000        0x0 c:/program files (x86)/cypress/psoc creator/4.4/psoc creator/import/gnu/arm/5.4.1/bin/../lib/gcc/arm-none-eabi/5.4.1/../../../../arm-none-eabi/lib/armv6-m/crt0.o
 .bss           0x00000000        0x0 c:/program files (x86)/cypress/psoc creator/4.4/psoc creator/import/gnu/arm/5.4.1/bin/../lib/gcc/arm-none-eabi/5.4.1/../../../../arm-none-eabi/lib/armv6-m/crt0.o
 .ARM.extab     0x00000000        0x0 c:/program files (x86)/cypress/psoc creator/4.4/psoc creator/import/gnu/arm/5.4.1/bin/../lib/gcc/arm-none-eabi/5.4.1/../../../../arm-none-eabi/lib/armv6-m/crt0.o
 .ARM.exidx     0x00000000        0x8 c:/program files (x86)/cypress/psoc creator/4.4/psoc creator/import/gnu/arm/5.4.1/bin/../lib/gcc/arm-none-eabi/5.4.1/../../../../arm-none-eabi/lib/armv6-m/crt0.o
 .text          0x00000000        0x0 .\CortexM0\ARM_GCC_541\Debug\main.o
 .data          0x00000000        0x0 .\CortexM0\ARM_GCC_541\Debug\main.o
 .bss           0x00000000        0x0 .\CortexM0\ARM_GCC_541\Debug\main.o
 .text          0x00000000        0x0 .\CortexM0\ARM_GCC_541\Debug\PCA9685.o
 .data          0x00000000        0x0 .\CortexM0\ARM_GCC_541\Debug\PCA9685.o
 .bss           0x00000000        0x0 .\CortexM0\ARM_GCC_541\Debug\PCA9685.o
 .text          0x00000000        0x0 .\CortexM0\ARM_GCC_541\Debug\cyfitter_cfg.o
 .data          0x00000000        0x0 .\CortexM0\ARM_GCC_541\Debug\cyfitter_cfg.o
 .bss           0x00000000        0x0 .\CortexM0\ARM_GCC_541\Debug\cyfitter_cfg.o
 .text          0x00000000        0x0 .\CortexM0\ARM_GCC_541\Debug\cymetadata.o
 .data          0x00000000        0x0 .\CortexM0\ARM_GCC_541\Debug\cymetadata.o
 .bss           0x00000000        0x0 .\CortexM0\ARM_GCC_541\Debug\cymetadata.o
 .text          0x00000000        0x0 .\CortexM0\ARM_GCC_541\Debug\Cm0Start.o
 .data          0x00000000        0x4 .\CortexM0\ARM_GCC_541\Debug\Cm0Start.o
 .bss           0x00000000        0x0 .\CortexM0\ARM_GCC_541\Debug\Cm0Start.o
 .text._exit    0x00000000        0xc .\CortexM0\ARM_GCC_541\Debug\Cm0Start.o
 .text._sbrk    0x00000000       0x30 .\CortexM0\ARM_GCC_541\Debug\Cm0Start.o
 .text          0x00000000        0x0 .\CortexM0\ARM_GCC_541\Debug\I2C bus PWM Controller.a(I2C.o)
 .data          0x00000000        0x0 .\CortexM0\ARM_GCC_541\Debug\I2C bus PWM Controller.a(I2C.o)
 .text.I2C_ScbModeStop
                0x00000000        0x8 .\CortexM0\ARM_GCC_541\Debug\I2C bus PWM Controller.a(I2C.o)
 .text.I2C_Stop
                0x00000000       0x2c .\CortexM0\ARM_GCC_541\Debug\I2C bus PWM Controller.a(I2C.o)
 .text.I2C_SetRxFifoLevel
                0x00000000       0x14 .\CortexM0\ARM_GCC_541\Debug\I2C bus PWM Controller.a(I2C.o)
 .text.I2C_SetTxFifoLevel
                0x00000000       0x14 .\CortexM0\ARM_GCC_541\Debug\I2C bus PWM Controller.a(I2C.o)
 .text.I2C_SetCustomInterruptHandler
                0x00000000        0xc .\CortexM0\ARM_GCC_541\Debug\I2C bus PWM Controller.a(I2C.o)
 .text.I2C_I2CSlaveNackGeneration
                0x00000000       0x3c .\CortexM0\ARM_GCC_541\Debug\I2C bus PWM Controller.a(I2C.o)
 .text          0x00000000        0x0 .\CortexM0\ARM_GCC_541\Debug\I2C bus PWM Controller.a(I2C_I2C.o)
 .data          0x00000000        0x0 .\CortexM0\ARM_GCC_541\Debug\I2C bus PWM Controller.a(I2C_I2C.o)
 .bss           0x00000000        0x0 .\CortexM0\ARM_GCC_541\Debug\I2C bus PWM Controller.a(I2C_I2C.o)
 .text.I2C_I2CStop
                0x00000000       0x20 .\CortexM0\ARM_GCC_541\Debug\I2C bus PWM Controller.a(I2C_I2C.o)
 .text          0x00000000        0x0 .\CortexM0\ARM_GCC_541\Debug\I2C bus PWM Controller.a(I2C_I2C_MASTER.o)
 .data          0x00000000        0x0 .\CortexM0\ARM_GCC_541\Debug\I2C bus PWM Controller.a(I2C_I2C_MASTER.o)
 .bss           0x00000000        0x0 .\CortexM0\ARM_GCC_541\Debug\I2C bus PWM Controller.a(I2C_I2C_MASTER.o)
 .text.I2C_I2CMasterWaitOneUnit
                0x00000000       0x28 .\CortexM0\ARM_GCC_541\Debug\I2C bus PWM Controller.a(I2C_I2C_MASTER.o)
 .text.I2C_I2CMasterHandleStatus
                0x00000000       0xc4 .\CortexM0\ARM_GCC_541\Debug\I2C bus PWM Controller.a(I2C_I2C_MASTER.o)
 .text.I2C_I2CMasterSendStart
                0x00000000       0xc4 .\CortexM0\ARM_GCC_541\Debug\I2C bus PWM Controller.a(I2C_I2C_MASTER.o)
 .text.I2C_I2CMasterSendStop
                0x00000000       0x58 .\CortexM0\ARM_GCC_541\Debug\I2C bus PWM Controller.a(I2C_I2C_MASTER.o)
 .text.I2C_I2CMasterWriteByte
                0x00000000       0x48 .\CortexM0\ARM_GCC_541\Debug\I2C bus PWM Controller.a(I2C_I2C_MASTER.o)
 .text.I2C_I2CMasterReadByte
                0x00000000       0x7c .\CortexM0\ARM_GCC_541\Debug\I2C bus PWM Controller.a(I2C_I2C_MASTER.o)
 .text.I2C_I2CMasterGetReadBufSize
                0x00000000        0xc .\CortexM0\ARM_GCC_541\Debug\I2C bus PWM Controller.a(I2C_I2C_MASTER.o)
 .text.I2C_I2CMasterClearReadBuf
                0x00000000       0x28 .\CortexM0\ARM_GCC_541\Debug\I2C bus PWM Controller.a(I2C_I2C_MASTER.o)
 .text.I2C_I2CMasterClearWriteBuf
                0x00000000       0x28 .\CortexM0\ARM_GCC_541\Debug\I2C bus PWM Controller.a(I2C_I2C_MASTER.o)
 .text.I2C_I2CMasterReadBuf
                0x00000000      0x108 .\CortexM0\ARM_GCC_541\Debug\I2C bus PWM Controller.a(I2C_I2C_MASTER.o)
 .text.I2C_I2CMasterSendRestart
                0x00000000       0x68 .\CortexM0\ARM_GCC_541\Debug\I2C bus PWM Controller.a(I2C_I2C_MASTER.o)
 .text          0x00000000        0x0 .\CortexM0\ARM_GCC_541\Debug\I2C bus PWM Controller.a(CyLib.o)
 .bss           0x00000000       0x18 .\CortexM0\ARM_GCC_541\Debug\I2C bus PWM Controller.a(CyLib.o)
 .text.CySysClkImoStart
                0x00000000       0x14 .\CortexM0\ARM_GCC_541\Debug\I2C bus PWM Controller.a(CyLib.o)
 .text.CySysClkImoStop
                0x00000000       0x10 .\CortexM0\ARM_GCC_541\Debug\I2C bus PWM Controller.a(CyLib.o)
 .text.CySysClkWriteHfclkDirect
                0x00000000       0x20 .\CortexM0\ARM_GCC_541\Debug\I2C bus PWM Controller.a(CyLib.o)
 .text.CySysEnablePumpClock
                0x00000000       0x38 .\CortexM0\ARM_GCC_541\Debug\I2C bus PWM Controller.a(CyLib.o)
 .text.CySysClkGetSysclkSource
                0x00000000       0x1c .\CortexM0\ARM_GCC_541\Debug\I2C bus PWM Controller.a(CyLib.o)
 .text.CySysClkWriteSysclkDiv
                0x00000000       0x30 .\CortexM0\ARM_GCC_541\Debug\I2C bus PWM Controller.a(CyLib.o)
 .text.CySysLvdDisable
                0x00000000       0x20 .\CortexM0\ARM_GCC_541\Debug\I2C bus PWM Controller.a(CyLib.o)
 .text.CySysLvdGetInterruptSource
                0x00000000       0x10 .\CortexM0\ARM_GCC_541\Debug\I2C bus PWM Controller.a(CyLib.o)
 .text.CySysLvdClearInterrupt
                0x00000000        0xc .\CortexM0\ARM_GCC_541\Debug\I2C bus PWM Controller.a(CyLib.o)
 .text.CySysGetResetReason
                0x00000000       0x14 .\CortexM0\ARM_GCC_541\Debug\I2C bus PWM Controller.a(CyLib.o)
 .text.CyDisableInts
                0x00000000       0x10 .\CortexM0\ARM_GCC_541\Debug\I2C bus PWM Controller.a(CyLib.o)
 .text.CyEnableInts
                0x00000000        0xc .\CortexM0\ARM_GCC_541\Debug\I2C bus PWM Controller.a(CyLib.o)
 .text.CyIntGetState
                0x00000000       0x18 .\CortexM0\ARM_GCC_541\Debug\I2C bus PWM Controller.a(CyLib.o)
 .text.CyIntSetPending
                0x00000000       0x14 .\CortexM0\ARM_GCC_541\Debug\I2C bus PWM Controller.a(CyLib.o)
 .text.CyIntClearPending
                0x00000000       0x14 .\CortexM0\ARM_GCC_541\Debug\I2C bus PWM Controller.a(CyLib.o)
 .text.CyIntSetSysVector
                0x00000000       0x20 .\CortexM0\ARM_GCC_541\Debug\I2C bus PWM Controller.a(CyLib.o)
 .text.CyIntGetSysVector
                0x00000000       0x1c .\CortexM0\ARM_GCC_541\Debug\I2C bus PWM Controller.a(CyLib.o)
 .text.CyIntGetVector
                0x00000000       0x20 .\CortexM0\ARM_GCC_541\Debug\I2C bus PWM Controller.a(CyLib.o)
 .text.CyIntGetPriority
                0x00000000       0x2c .\CortexM0\ARM_GCC_541\Debug\I2C bus PWM Controller.a(CyLib.o)
 .text.CySoftwareReset
                0x00000000       0x18 .\CortexM0\ARM_GCC_541\Debug\I2C bus PWM Controller.a(CyLib.o)
 .text.CySysLvdEnable
                0x00000000       0x44 .\CortexM0\ARM_GCC_541\Debug\I2C bus PWM Controller.a(CyLib.o)
 .text.CyDelayFreq
                0x00000000       0x4c .\CortexM0\ARM_GCC_541\Debug\I2C bus PWM Controller.a(CyLib.o)
 .text.CySysTickStop
                0x00000000       0x10 .\CortexM0\ARM_GCC_541\Debug\I2C bus PWM Controller.a(CyLib.o)
 .text.CySysTickEnableInterrupt
                0x00000000       0x10 .\CortexM0\ARM_GCC_541\Debug\I2C bus PWM Controller.a(CyLib.o)
 .text.CySysTickEnable
                0x00000000       0x18 .\CortexM0\ARM_GCC_541\Debug\I2C bus PWM Controller.a(CyLib.o)
 .text.CySysTickDisableInterrupt
                0x00000000       0x10 .\CortexM0\ARM_GCC_541\Debug\I2C bus PWM Controller.a(CyLib.o)
 .text.CySysTickSetReload
                0x00000000       0x10 .\CortexM0\ARM_GCC_541\Debug\I2C bus PWM Controller.a(CyLib.o)
 .text.CySysTickGetReload
                0x00000000       0x10 .\CortexM0\ARM_GCC_541\Debug\I2C bus PWM Controller.a(CyLib.o)
 .text.CySysTickGetValue
                0x00000000       0x10 .\CortexM0\ARM_GCC_541\Debug\I2C bus PWM Controller.a(CyLib.o)
 .text.CySysTickGetCountFlag
                0x00000000       0x10 .\CortexM0\ARM_GCC_541\Debug\I2C bus PWM Controller.a(CyLib.o)
 .text.CySysTickServiceCallbacks
                0x00000000       0x28 .\CortexM0\ARM_GCC_541\Debug\I2C bus PWM Controller.a(CyLib.o)
 .text.CySysTickClear
                0x00000000        0xc .\CortexM0\ARM_GCC_541\Debug\I2C bus PWM Controller.a(CyLib.o)
 .text.CySysTickInit
                0x00000000       0x40 .\CortexM0\ARM_GCC_541\Debug\I2C bus PWM Controller.a(CyLib.o)
 .text.CySysTickStart
                0x00000000       0x20 .\CortexM0\ARM_GCC_541\Debug\I2C bus PWM Controller.a(CyLib.o)
 .text.CySysTickSetCallback
                0x00000000       0x10 .\CortexM0\ARM_GCC_541\Debug\I2C bus PWM Controller.a(CyLib.o)
 .text.CySysTickGetCallback
                0x00000000        0xc .\CortexM0\ARM_GCC_541\Debug\I2C bus PWM Controller.a(CyLib.o)
 .text.CyGetUniqueId
                0x00000000       0x70 .\CortexM0\ARM_GCC_541\Debug\I2C bus PWM Controller.a(CyLib.o)
 .text          0x00000000        0x0 .\CortexM0\ARM_GCC_541\Debug\I2C bus PWM Controller.a(CyLFClk.o)
 .text.CySysClkIloEnabled
                0x00000000       0x14 .\CortexM0\ARM_GCC_541\Debug\I2C bus PWM Controller.a(CyLFClk.o)
 .text.CySysClkIloStart
                0x00000000       0x14 .\CortexM0\ARM_GCC_541\Debug\I2C bus PWM Controller.a(CyLFClk.o)
 .text.CySysClkIloStartMeasurement
                0x00000000       0x34 .\CortexM0\ARM_GCC_541\Debug\I2C bus PWM Controller.a(CyLFClk.o)
 .text.CySysClkIloStopMeasurement
                0x00000000       0x14 .\CortexM0\ARM_GCC_541\Debug\I2C bus PWM Controller.a(CyLFClk.o)
 .text.CySysClkIloCompensate
                0x00000000      0x104 .\CortexM0\ARM_GCC_541\Debug\I2C bus PWM Controller.a(CyLFClk.o)
 .text.CySysWdtGetEnabledStatus
                0x00000000       0x24 .\CortexM0\ARM_GCC_541\Debug\I2C bus PWM Controller.a(CyLFClk.o)
 .text.CySysWdtSetMode
                0x00000000       0x38 .\CortexM0\ARM_GCC_541\Debug\I2C bus PWM Controller.a(CyLFClk.o)
 .text.CySysClkLfclkPosedgeRestore
                0x00000000       0x2c .\CortexM0\ARM_GCC_541\Debug\I2C bus PWM Controller.a(CyLFClk.o)
 .text.CySysWdtGetMode
                0x00000000       0x14 .\CortexM0\ARM_GCC_541\Debug\I2C bus PWM Controller.a(CyLFClk.o)
 .text.CySysWdtSetClearOnMatch
                0x00000000       0x34 .\CortexM0\ARM_GCC_541\Debug\I2C bus PWM Controller.a(CyLFClk.o)
 .text.CySysWdtGetClearOnMatch
                0x00000000       0x24 .\CortexM0\ARM_GCC_541\Debug\I2C bus PWM Controller.a(CyLFClk.o)
 .text.CySysWdtEnable
                0x00000000       0x40 .\CortexM0\ARM_GCC_541\Debug\I2C bus PWM Controller.a(CyLFClk.o)
 .text.CySysWdtDisable
                0x00000000       0x44 .\CortexM0\ARM_GCC_541\Debug\I2C bus PWM Controller.a(CyLFClk.o)
 .text.CySysWdtSetCascade
                0x00000000       0x34 .\CortexM0\ARM_GCC_541\Debug\I2C bus PWM Controller.a(CyLFClk.o)
 .text.CySysWdtGetCascade
                0x00000000       0x14 .\CortexM0\ARM_GCC_541\Debug\I2C bus PWM Controller.a(CyLFClk.o)
 .text.CySysWdtSetMatch
                0x00000000       0x38 .\CortexM0\ARM_GCC_541\Debug\I2C bus PWM Controller.a(CyLFClk.o)
 .text.CySysWdtSetToggleBit
                0x00000000       0x30 .\CortexM0\ARM_GCC_541\Debug\I2C bus PWM Controller.a(CyLFClk.o)
 .text.CySysWdtGetToggleBit
                0x00000000       0x10 .\CortexM0\ARM_GCC_541\Debug\I2C bus PWM Controller.a(CyLFClk.o)
 .text.CySysWdtGetMatch
                0x00000000       0x20 .\CortexM0\ARM_GCC_541\Debug\I2C bus PWM Controller.a(CyLFClk.o)
 .text.CySysWdtGetCount
                0x00000000       0x3c .\CortexM0\ARM_GCC_541\Debug\I2C bus PWM Controller.a(CyLFClk.o)
 .text.CySysClkLfclkPosedgeCatch
                0x00000000       0x74 .\CortexM0\ARM_GCC_541\Debug\I2C bus PWM Controller.a(CyLFClk.o)
 .text.CySysClkIloStop
                0x00000000       0x38 .\CortexM0\ARM_GCC_541\Debug\I2C bus PWM Controller.a(CyLFClk.o)
 .text.CySysWdtGetInterruptSource
                0x00000000       0x14 .\CortexM0\ARM_GCC_541\Debug\I2C bus PWM Controller.a(CyLFClk.o)
 .text.CySysWdtResetCounters
                0x00000000       0x20 .\CortexM0\ARM_GCC_541\Debug\I2C bus PWM Controller.a(CyLFClk.o)
 .text.CySysWdtSetInterruptCallback
                0x00000000       0x20 .\CortexM0\ARM_GCC_541\Debug\I2C bus PWM Controller.a(CyLFClk.o)
 .text.CySysWdtGetInterruptCallback
                0x00000000       0x20 .\CortexM0\ARM_GCC_541\Debug\I2C bus PWM Controller.a(CyLFClk.o)
 .text.CySysWdtEnableCounterIsr
                0x00000000       0x34 .\CortexM0\ARM_GCC_541\Debug\I2C bus PWM Controller.a(CyLFClk.o)
 .text.CySysWdtDisableCounterIsr
                0x00000000       0x28 .\CortexM0\ARM_GCC_541\Debug\I2C bus PWM Controller.a(CyLFClk.o)
 .text.CySysWatchdogFeed
                0x00000000       0x60 .\CortexM0\ARM_GCC_541\Debug\I2C bus PWM Controller.a(CyLFClk.o)
 .text.CySysTimerDelayUntilMatch
                0x00000000       0x6c .\CortexM0\ARM_GCC_541\Debug\I2C bus PWM Controller.a(CyLFClk.o)
 .text.CySysTimerDelay
                0x00000000       0x3c .\CortexM0\ARM_GCC_541\Debug\I2C bus PWM Controller.a(CyLFClk.o)
 .rodata        0x00000000        0xc .\CortexM0\ARM_GCC_541\Debug\I2C bus PWM Controller.a(CyLFClk.o)
 .text          0x00000000        0x0 .\CortexM0\ARM_GCC_541\Debug\I2C bus PWM Controller.a(I2C_sda.o)
 .data          0x00000000        0x0 .\CortexM0\ARM_GCC_541\Debug\I2C bus PWM Controller.a(I2C_sda.o)
 .bss           0x00000000        0x0 .\CortexM0\ARM_GCC_541\Debug\I2C bus PWM Controller.a(I2C_sda.o)
 .text.I2C_sda_SetDriveMode
                0x00000000       0x14 .\CortexM0\ARM_GCC_541\Debug\I2C bus PWM Controller.a(I2C_sda.o)
 .text.I2C_sda_Write
                0x00000000       0x18 .\CortexM0\ARM_GCC_541\Debug\I2C bus PWM Controller.a(I2C_sda.o)
 .text.I2C_sda_ReadDataReg
                0x00000000       0x10 .\CortexM0\ARM_GCC_541\Debug\I2C bus PWM Controller.a(I2C_sda.o)
 .text.I2C_sda_SetInterruptMode
                0x00000000       0x14 .\CortexM0\ARM_GCC_541\Debug\I2C bus PWM Controller.a(I2C_sda.o)
 .text.I2C_sda_ClearInterrupt
                0x00000000       0x14 .\CortexM0\ARM_GCC_541\Debug\I2C bus PWM Controller.a(I2C_sda.o)
 .text          0x00000000        0x0 .\CortexM0\ARM_GCC_541\Debug\I2C bus PWM Controller.a(I2C_scl.o)
 .data          0x00000000        0x0 .\CortexM0\ARM_GCC_541\Debug\I2C bus PWM Controller.a(I2C_scl.o)
 .bss           0x00000000        0x0 .\CortexM0\ARM_GCC_541\Debug\I2C bus PWM Controller.a(I2C_scl.o)
 .text.I2C_scl_SetDriveMode
                0x00000000       0x14 .\CortexM0\ARM_GCC_541\Debug\I2C bus PWM Controller.a(I2C_scl.o)
 .text.I2C_scl_ReadDataReg
                0x00000000       0x10 .\CortexM0\ARM_GCC_541\Debug\I2C bus PWM Controller.a(I2C_scl.o)
 .text.I2C_scl_SetInterruptMode
                0x00000000       0x14 .\CortexM0\ARM_GCC_541\Debug\I2C bus PWM Controller.a(I2C_scl.o)
 .text.I2C_scl_ClearInterrupt
                0x00000000       0x10 .\CortexM0\ARM_GCC_541\Debug\I2C bus PWM Controller.a(I2C_scl.o)
 .data          0x00000000        0x0 .\CortexM0\ARM_GCC_541\Debug\I2C bus PWM Controller.a(CyBootAsmGnu.o)
 .bss           0x00000000        0x0 .\CortexM0\ARM_GCC_541\Debug\I2C bus PWM Controller.a(CyBootAsmGnu.o)
 .text          0x00000000        0x0 .\CortexM0\ARM_GCC_541\Debug\I2C bus PWM Controller.a(I2C_I2C_INT.o)
 .data          0x00000000        0x0 .\CortexM0\ARM_GCC_541\Debug\I2C bus PWM Controller.a(I2C_I2C_INT.o)
 .bss           0x00000000        0x0 .\CortexM0\ARM_GCC_541\Debug\I2C bus PWM Controller.a(I2C_I2C_INT.o)
 .text          0x00000000      0x114 c:/program files (x86)/cypress/psoc creator/4.4/psoc creator/import/gnu/arm/5.4.1/bin/../lib/gcc/arm-none-eabi/5.4.1/armv6-m\libgcc.a(_udivsi3.o)
 .data          0x00000000        0x0 c:/program files (x86)/cypress/psoc creator/4.4/psoc creator/import/gnu/arm/5.4.1/bin/../lib/gcc/arm-none-eabi/5.4.1/armv6-m\libgcc.a(_udivsi3.o)
 .bss           0x00000000        0x0 c:/program files (x86)/cypress/psoc creator/4.4/psoc creator/import/gnu/arm/5.4.1/bin/../lib/gcc/arm-none-eabi/5.4.1/armv6-m\libgcc.a(_udivsi3.o)
 .data          0x00000000        0x0 c:/program files (x86)/cypress/psoc creator/4.4/psoc creator/import/gnu/arm/5.4.1/bin/../lib/gcc/arm-none-eabi/5.4.1/armv6-m\libgcc.a(_divsi3.o)
 .bss           0x00000000        0x0 c:/program files (x86)/cypress/psoc creator/4.4/psoc creator/import/gnu/arm/5.4.1/bin/../lib/gcc/arm-none-eabi/5.4.1/armv6-m\libgcc.a(_divsi3.o)
 .data          0x00000000        0x0 c:/program files (x86)/cypress/psoc creator/4.4/psoc creator/import/gnu/arm/5.4.1/bin/../lib/gcc/arm-none-eabi/5.4.1/armv6-m\libgcc.a(_dvmd_tls.o)
 .bss           0x00000000        0x0 c:/program files (x86)/cypress/psoc creator/4.4/psoc creator/import/gnu/arm/5.4.1/bin/../lib/gcc/arm-none-eabi/5.4.1/armv6-m\libgcc.a(_dvmd_tls.o)
 .text          0x00000000        0x0 c:/program files (x86)/cypress/psoc creator/4.4/psoc creator/import/gnu/arm/5.4.1/bin/../lib/gcc/arm-none-eabi/5.4.1/../../../../arm-none-eabi/lib/armv6-m\libg_nano.a(lib_a-errno.o)
 .data          0x00000000        0x0 c:/program files (x86)/cypress/psoc creator/4.4/psoc creator/import/gnu/arm/5.4.1/bin/../lib/gcc/arm-none-eabi/5.4.1/../../../../arm-none-eabi/lib/armv6-m\libg_nano.a(lib_a-errno.o)
 .bss           0x00000000        0x0 c:/program files (x86)/cypress/psoc creator/4.4/psoc creator/import/gnu/arm/5.4.1/bin/../lib/gcc/arm-none-eabi/5.4.1/../../../../arm-none-eabi/lib/armv6-m\libg_nano.a(lib_a-errno.o)
 .text          0x00000000        0x0 c:/program files (x86)/cypress/psoc creator/4.4/psoc creator/import/gnu/arm/5.4.1/bin/../lib/gcc/arm-none-eabi/5.4.1/../../../../arm-none-eabi/lib/armv6-m\libg_nano.a(lib_a-exit.o)
 .data          0x00000000        0x0 c:/program files (x86)/cypress/psoc creator/4.4/psoc creator/import/gnu/arm/5.4.1/bin/../lib/gcc/arm-none-eabi/5.4.1/../../../../arm-none-eabi/lib/armv6-m\libg_nano.a(lib_a-exit.o)
 .bss           0x00000000        0x0 c:/program files (x86)/cypress/psoc creator/4.4/psoc creator/import/gnu/arm/5.4.1/bin/../lib/gcc/arm-none-eabi/5.4.1/../../../../arm-none-eabi/lib/armv6-m\libg_nano.a(lib_a-exit.o)
 .text.exit     0x00000000       0x2c c:/program files (x86)/cypress/psoc creator/4.4/psoc creator/import/gnu/arm/5.4.1/bin/../lib/gcc/arm-none-eabi/5.4.1/../../../../arm-none-eabi/lib/armv6-m\libg_nano.a(lib_a-exit.o)
 .text          0x00000000        0x0 c:/program files (x86)/cypress/psoc creator/4.4/psoc creator/import/gnu/arm/5.4.1/bin/../lib/gcc/arm-none-eabi/5.4.1/../../../../arm-none-eabi/lib/armv6-m\libg_nano.a(lib_a-impure.o)
 .data          0x00000000        0x0 c:/program files (x86)/cypress/psoc creator/4.4/psoc creator/import/gnu/arm/5.4.1/bin/../lib/gcc/arm-none-eabi/5.4.1/../../../../arm-none-eabi/lib/armv6-m\libg_nano.a(lib_a-impure.o)
 .bss           0x00000000        0x0 c:/program files (x86)/cypress/psoc creator/4.4/psoc creator/import/gnu/arm/5.4.1/bin/../lib/gcc/arm-none-eabi/5.4.1/../../../../arm-none-eabi/lib/armv6-m\libg_nano.a(lib_a-impure.o)
 .rodata._global_impure_ptr
                0x00000000        0x4 c:/program files (x86)/cypress/psoc creator/4.4/psoc creator/import/gnu/arm/5.4.1/bin/../lib/gcc/arm-none-eabi/5.4.1/../../../../arm-none-eabi/lib/armv6-m\libg_nano.a(lib_a-impure.o)
 .text          0x00000000        0x0 c:/program files (x86)/cypress/psoc creator/4.4/psoc creator/import/gnu/arm/5.4.1/bin/../lib/gcc/arm-none-eabi/5.4.1/../../../../arm-none-eabi/lib/armv6-m\libg_nano.a(lib_a-init.o)
 .data          0x00000000        0x0 c:/program files (x86)/cypress/psoc creator/4.4/psoc creator/import/gnu/arm/5.4.1/bin/../lib/gcc/arm-none-eabi/5.4.1/../../../../arm-none-eabi/lib/armv6-m\libg_nano.a(lib_a-init.o)
 .bss           0x00000000        0x0 c:/program files (x86)/cypress/psoc creator/4.4/psoc creator/import/gnu/arm/5.4.1/bin/../lib/gcc/arm-none-eabi/5.4.1/../../../../arm-none-eabi/lib/armv6-m\libg_nano.a(lib_a-init.o)
 .text          0x00000000        0x0 c:/program files (x86)/cypress/psoc creator/4.4/psoc creator/import/gnu/arm/5.4.1/bin/../lib/gcc/arm-none-eabi/5.4.1/../../../../arm-none-eabi/lib/armv6-m\libg_nano.a(lib_a-memset.o)
 .data          0x00000000        0x0 c:/program files (x86)/cypress/psoc creator/4.4/psoc creator/import/gnu/arm/5.4.1/bin/../lib/gcc/arm-none-eabi/5.4.1/../../../../arm-none-eabi/lib/armv6-m\libg_nano.a(lib_a-memset.o)
 .bss           0x00000000        0x0 c:/program files (x86)/cypress/psoc creator/4.4/psoc creator/import/gnu/arm/5.4.1/bin/../lib/gcc/arm-none-eabi/5.4.1/../../../../arm-none-eabi/lib/armv6-m\libg_nano.a(lib_a-memset.o)
 .text          0x00000000        0x0 c:/program files (x86)/cypress/psoc creator/4.4/psoc creator/import/gnu/arm/5.4.1/bin/../lib/gcc/arm-none-eabi/5.4.1/armv6-m/crtend.o
 .data          0x00000000        0x0 c:/program files (x86)/cypress/psoc creator/4.4/psoc creator/import/gnu/arm/5.4.1/bin/../lib/gcc/arm-none-eabi/5.4.1/armv6-m/crtend.o
 .bss           0x00000000        0x0 c:/program files (x86)/cypress/psoc creator/4.4/psoc creator/import/gnu/arm/5.4.1/bin/../lib/gcc/arm-none-eabi/5.4.1/armv6-m/crtend.o
 .text          0x00000000        0x0 c:/program files (x86)/cypress/psoc creator/4.4/psoc creator/import/gnu/arm/5.4.1/bin/../lib/gcc/arm-none-eabi/5.4.1/armv6-m/crtn.o
 .data          0x00000000        0x0 c:/program files (x86)/cypress/psoc creator/4.4/psoc creator/import/gnu/arm/5.4.1/bin/../lib/gcc/arm-none-eabi/5.4.1/armv6-m/crtn.o
 .bss           0x00000000        0x0 c:/program files (x86)/cypress/psoc creator/4.4/psoc creator/import/gnu/arm/5.4.1/bin/../lib/gcc/arm-none-eabi/5.4.1/armv6-m/crtn.o

Memory Configuration

Name             Origin             Length             Attributes
rom              0x00000000         0x00008000         xr
ram              0x20000000         0x00001000         xrw
*default*        0x00000000         0xffffffff

Linker script and memory map

LOAD c:/program files (x86)/cypress/psoc creator/4.4/psoc creator/import/gnu/arm/5.4.1/bin/../lib/gcc/arm-none-eabi/5.4.1/armv6-m/crti.o
LOAD c:/program files (x86)/cypress/psoc creator/4.4/psoc creator/import/gnu/arm/5.4.1/bin/../lib/gcc/arm-none-eabi/5.4.1/armv6-m/crtbegin.o
LOAD c:/program files (x86)/cypress/psoc creator/4.4/psoc creator/import/gnu/arm/5.4.1/bin/../lib/gcc/arm-none-eabi/5.4.1/../../../../arm-none-eabi/lib/armv6-m/crt0.o
START GROUP
LOAD .\CortexM0\ARM_GCC_541\Debug\main.o
LOAD .\CortexM0\ARM_GCC_541\Debug\PCA9685.o
LOAD .\CortexM0\ARM_GCC_541\Debug\cyfitter_cfg.o
LOAD .\CortexM0\ARM_GCC_541\Debug\cymetadata.o
LOAD .\CortexM0\ARM_GCC_541\Debug\Cm0Start.o
LOAD .\CortexM0\ARM_GCC_541\Debug\I2C bus PWM Controller.a
END GROUP
START GROUP
LOAD c:/program files (x86)/cypress/psoc creator/4.4/psoc creator/import/gnu/arm/5.4.1/bin/../lib/gcc/arm-none-eabi/5.4.1/armv6-m\libgcc.a
LOAD c:/program files (x86)/cypress/psoc creator/4.4/psoc creator/import/gnu/arm/5.4.1/bin/../lib/gcc/arm-none-eabi/5.4.1/../../../../arm-none-eabi/lib/armv6-m\libg_nano.a
LOAD c:/program files (x86)/cypress/psoc creator/4.4/psoc creator/import/gnu/arm/5.4.1/bin/../lib/gcc/arm-none-eabi/5.4.1/../../../../arm-none-eabi/lib/armv6-m\libc_nano.a
END GROUP
START GROUP
LOAD c:/program files (x86)/cypress/psoc creator/4.4/psoc creator/import/gnu/arm/5.4.1/bin/../lib/gcc/arm-none-eabi/5.4.1/armv6-m\libgcc.a
LOAD c:/program files (x86)/cypress/psoc creator/4.4/psoc creator/import/gnu/arm/5.4.1/bin/../lib/gcc/arm-none-eabi/5.4.1/../../../../arm-none-eabi/lib/armv6-m\libc_nano.a
END GROUP
LOAD c:/program files (x86)/cypress/psoc creator/4.4/psoc creator/import/gnu/arm/5.4.1/bin/../lib/gcc/arm-none-eabi/5.4.1/armv6-m/crtend.o
LOAD c:/program files (x86)/cypress/psoc creator/4.4/psoc creator/import/gnu/arm/5.4.1/bin/../lib/gcc/arm-none-eabi/5.4.1/armv6-m/crtn.o
START GROUP
LOAD c:/program files (x86)/cypress/psoc creator/4.4/psoc creator/import/gnu/arm/5.4.1/bin/../lib/gcc/arm-none-eabi/5.4.1/armv6-m\libgcc.a
LOAD c:/program files (x86)/cypress/psoc creator/4.4/psoc creator/import/gnu/arm/5.4.1/bin/../lib/gcc/arm-none-eabi/5.4.1/../../../../arm-none-eabi/lib/armv6-m\libc.a
LOAD c:/program files (x86)/cypress/psoc creator/4.4/psoc creator/import/gnu/arm/5.4.1/bin/../lib/gcc/arm-none-eabi/5.4.1/../../../../arm-none-eabi/lib/armv6-m\libnosys.a
END GROUP
                0x00000000                CY_APPL_ORIGIN = 0x0
                0x00000080                CY_FLASH_ROW_SIZE = 0x80
                0x00000001                CY_APPL_NUM = 0x1
                0x00000001                CY_APPL_MAX = 0x1
                0x00000040                CY_METADATA_SIZE = 0x40
                0x00000000                CY_APPL_LOADABLE = 0x0
                0x00000000                CY_CHECKSUM_EXCLUDE_SIZE = ALIGN (0x0, CY_FLASH_ROW_SIZE)
                0x00000000                CY_APP_FOR_STACK_AND_COPIER = 0x0
                [!provide]                PROVIDE (__cy_heap_start, _end)
                0x00000001                PROVIDE (__cy_region_num, ((__cy_regions_end - __cy_regions) / 0x10))
                0x20001000                PROVIDE (__cy_stack, (ORIGIN (ram) + LENGTH (ram)))
                [!provide]                PROVIDE (__cy_heap_end, (__cy_stack - 0x800))

.cybootloader   0x00000000        0x0
 *(.cybootloader)
                0x00000000                appl1_start = CY_APPL_ORIGIN?CY_APPL_ORIGIN:ALIGN (CY_FLASH_ROW_SIZE)
                0x00003f80                appl2_start = (appl1_start + ALIGN ((((LENGTH (rom) - appl1_start) - (0x2 * CY_FLASH_ROW_SIZE)) / 0x2), CY_FLASH_ROW_SIZE))
                0x00000000                appl_start = (CY_APPL_NUM == 0x1)?appl1_start:appl2_start
                0x00000001                cy_project_type_bootloader = (appl_start == 0x0)?0x1:0x0
                0x00000000                cy_project_type_app_for_stack_and_copier = (CY_APP_FOR_STACK_AND_COPIER == 0x1)?0x1:0x0

.text           0x00000000     0x10f0
 CREATE_OBJECT_SYMBOLS
                0x00000000                PROVIDE (__cy_interrupt_vector, RomVectors)
 *(.romvectors)
 .romvectors    0x00000000       0x10 .\CortexM0\ARM_GCC_541\Debug\Cm0Start.o
                0x00000000                RomVectors
                0x00000001                ASSERT ((. != __cy_interrupt_vector), No interrupt vector)
                0x00000001                ASSERT (CY_APPL_ORIGIN?(SIZEOF (.cybootloader) <= CY_APPL_ORIGIN):0x1, Wrong image location)
                0x00000010                PROVIDE (__cy_reset, Reset)
 *(.text.Reset)
 .text.Reset    0x00000010        0x8 .\CortexM0\ARM_GCC_541\Debug\Cm0Start.o
                0x00000010                Reset
                0x00000001                ASSERT ((. != __cy_reset), No reset code)
 *(.psocinit)
 .psocinit      0x00000018       0xf4 .\CortexM0\ARM_GCC_541\Debug\cyfitter_cfg.o
                0x00000084                cyfitter_cfg
                0x0000010c                . = MAX (., 0x100)
 *(.text .text.* .gnu.linkonce.t.*)
 .text          0x0000010c       0x60 c:/program files (x86)/cypress/psoc creator/4.4/psoc creator/import/gnu/arm/5.4.1/bin/../lib/gcc/arm-none-eabi/5.4.1/armv6-m/crtbegin.o
 .text.main     0x0000016c       0x54 .\CortexM0\ARM_GCC_541\Debug\main.o
                0x0000016c                main
 .text.TurnOnTimeL
                0x000001c0        0x4 .\CortexM0\ARM_GCC_541\Debug\PCA9685.o
                0x000001c0                TurnOnTimeL
 .text.TurnOnTimeH
                0x000001c4        0x4 .\CortexM0\ARM_GCC_541\Debug\PCA9685.o
                0x000001c4                TurnOnTimeH
 .text.TurnOffTimeL
                0x000001c8       0x30 .\CortexM0\ARM_GCC_541\Debug\PCA9685.o
                0x000001c8                TurnOffTimeL
 .text.TurnOffTimeH
                0x000001f8       0x28 .\CortexM0\ARM_GCC_541\Debug\PCA9685.o
                0x000001f8                TurnOffTimeH
 .text.writeBuffer
                0x00000220       0x44 .\CortexM0\ARM_GCC_541\Debug\PCA9685.o
                0x00000220                writeBuffer
 .text.pca_init
                0x00000264       0x20 .\CortexM0\ARM_GCC_541\Debug\PCA9685.o
                0x00000264                pca_init
 .text.writeByte
                0x00000284       0x18 .\CortexM0\ARM_GCC_541\Debug\PCA9685.o
                0x00000284                writeByte
 .text.setPWMFromBytes
                0x0000029c       0x38 .\CortexM0\ARM_GCC_541\Debug\PCA9685.o
                0x0000029c                setPWMFromBytes
 .text.setPWMFromDutyCycle
                0x000002d4       0x4c .\CortexM0\ARM_GCC_541\Debug\PCA9685.o
                0x000002d4                setPWMFromDutyCycle
 .text.CYMEMZERO
                0x00000320        0xc .\CortexM0\ARM_GCC_541\Debug\cyfitter_cfg.o
 .text.IntDefaultHandler
                0x0000032c       0x10 .\CortexM0\ARM_GCC_541\Debug\Cm0Start.o
                0x0000032c                IntDefaultHandler
 .text.Start_c  0x0000033c       0x48 .\CortexM0\ARM_GCC_541\Debug\Cm0Start.o
                0x0000033c                Start_c
 .text.initialize_psoc
                0x00000384       0x40 .\CortexM0\ARM_GCC_541\Debug\Cm0Start.o
                0x00000384                initialize_psoc
 .text.I2C_ScbEnableIntr
                0x000003c4        0xc .\CortexM0\ARM_GCC_541\Debug\I2C bus PWM Controller.a(I2C.o)
 .text.I2C_Init
                0x000003d0        0x8 .\CortexM0\ARM_GCC_541\Debug\I2C bus PWM Controller.a(I2C.o)
                0x000003d0                I2C_Init
 .text.I2C_Enable
                0x000003d8       0x18 .\CortexM0\ARM_GCC_541\Debug\I2C bus PWM Controller.a(I2C.o)
                0x000003d8                I2C_Enable
 .text.I2C_Start
                0x000003f0       0x20 .\CortexM0\ARM_GCC_541\Debug\I2C bus PWM Controller.a(I2C.o)
                0x000003f0                I2C_Start
 .text.I2C_I2CInit
                0x00000410       0xc4 .\CortexM0\ARM_GCC_541\Debug\I2C bus PWM Controller.a(I2C_I2C.o)
                0x00000410                I2C_I2CInit
 .text.I2C_I2CFwBlockReset
                0x000004d4       0x94 .\CortexM0\ARM_GCC_541\Debug\I2C bus PWM Controller.a(I2C_I2C.o)
                0x000004d4                I2C_I2CFwBlockReset
 .text.I2C_I2CMasterGetWriteBufSize
                0x00000568        0xc .\CortexM0\ARM_GCC_541\Debug\I2C bus PWM Controller.a(I2C_I2C_MASTER.o)
                0x00000568                I2C_I2CMasterGetWriteBufSize
 .text.I2C_I2CMasterStatus
                0x00000574       0x30 .\CortexM0\ARM_GCC_541\Debug\I2C bus PWM Controller.a(I2C_I2C_MASTER.o)
                0x00000574                I2C_I2CMasterStatus
 .text.I2C_I2CMasterClearStatus
                0x000005a4       0x20 .\CortexM0\ARM_GCC_541\Debug\I2C bus PWM Controller.a(I2C_I2C_MASTER.o)
                0x000005a4                I2C_I2CMasterClearStatus
 .text.I2C_I2CReStartGeneration
                0x000005c4       0xc4 .\CortexM0\ARM_GCC_541\Debug\I2C bus PWM Controller.a(I2C_I2C_MASTER.o)
                0x000005c4                I2C_I2CReStartGeneration
 .text.I2C_I2CMasterWriteBuf
                0x00000688       0xf8 .\CortexM0\ARM_GCC_541\Debug\I2C bus PWM Controller.a(I2C_I2C_MASTER.o)
                0x00000688                I2C_I2CMasterWriteBuf
 .text.CyIntEnable
                0x00000780       0x14 .\CortexM0\ARM_GCC_541\Debug\I2C bus PWM Controller.a(CyLib.o)
                0x00000780                CyIntEnable
 .text.CyIntDisable
                0x00000794       0x14 .\CortexM0\ARM_GCC_541\Debug\I2C bus PWM Controller.a(CyLib.o)
                0x00000794                CyIntDisable
 .text.CyHalt   0x000007a8        0x4 .\CortexM0\ARM_GCC_541\Debug\I2C bus PWM Controller.a(CyLib.o)
                0x000007a8                CyHalt
 .text.CyIntSetVector
                0x000007ac       0x24 .\CortexM0\ARM_GCC_541\Debug\I2C bus PWM Controller.a(CyLib.o)
                0x000007ac                CyIntSetVector
 .text.CyIntSetPriority
                0x000007d0       0x4c .\CortexM0\ARM_GCC_541\Debug\I2C bus PWM Controller.a(CyLib.o)
                0x000007d0                CyIntSetPriority
 .text.CyDelay  0x0000081c       0x30 .\CortexM0\ARM_GCC_541\Debug\I2C bus PWM Controller.a(CyLib.o)
                0x0000081c                CyDelay
 .text.CyDelayUs
                0x0000084c       0x14 .\CortexM0\ARM_GCC_541\Debug\I2C bus PWM Controller.a(CyLib.o)
                0x0000084c                CyDelayUs
 .text.CySysClkWriteImoFreq
                0x00000860      0x164 .\CortexM0\ARM_GCC_541\Debug\I2C bus PWM Controller.a(CyLib.o)
                0x00000860                CySysClkWriteImoFreq
 .text.CySysWdtLocked
                0x000009c4       0x14 .\CortexM0\ARM_GCC_541\Debug\I2C bus PWM Controller.a(CyLFClk.o)
 .text.CySysWdtLock
                0x000009d8       0x1c .\CortexM0\ARM_GCC_541\Debug\I2C bus PWM Controller.a(CyLFClk.o)
                0x000009d8                CySysWdtLock
 .text.CySysWdtUnlock
                0x000009f4       0x30 .\CortexM0\ARM_GCC_541\Debug\I2C bus PWM Controller.a(CyLFClk.o)
                0x000009f4                CySysWdtUnlock
 .text.CySysWdtClearInterrupt
                0x00000a24       0x4c .\CortexM0\ARM_GCC_541\Debug\I2C bus PWM Controller.a(CyLFClk.o)
                0x00000a24                CySysWdtClearInterrupt
 .text.CySysWdtIsr
                0x00000a70       0xa4 .\CortexM0\ARM_GCC_541\Debug\I2C bus PWM Controller.a(CyLFClk.o)
                0x00000a70                CySysWdtIsr
 .text.I2C_sda_Read
                0x00000b14       0x10 .\CortexM0\ARM_GCC_541\Debug\I2C bus PWM Controller.a(I2C_sda.o)
                0x00000b14                I2C_sda_Read
 .text.I2C_scl_Write
                0x00000b24       0x18 .\CortexM0\ARM_GCC_541\Debug\I2C bus PWM Controller.a(I2C_scl.o)
                0x00000b24                I2C_scl_Write
 .text.I2C_scl_Read
                0x00000b3c       0x10 .\CortexM0\ARM_GCC_541\Debug\I2C bus PWM Controller.a(I2C_scl.o)
                0x00000b3c                I2C_scl_Read
 *fill*         0x00000b4c        0x4 
 .text          0x00000b50       0x24 .\CortexM0\ARM_GCC_541\Debug\I2C bus PWM Controller.a(CyBootAsmGnu.o)
                0x00000b50                CyDelayCycles
                0x00000b64                CyEnterCriticalSection
                0x00000b6c                CyExitCriticalSection
 .text.I2C_I2C_ISR
                0x00000b74      0x33c .\CortexM0\ARM_GCC_541\Debug\I2C bus PWM Controller.a(I2C_I2C_INT.o)
                0x00000b74                I2C_I2C_ISR
 .text          0x00000eb0      0x1d4 c:/program files (x86)/cypress/psoc creator/4.4/psoc creator/import/gnu/arm/5.4.1/bin/../lib/gcc/arm-none-eabi/5.4.1/armv6-m\libgcc.a(_divsi3.o)
                0x00000eb0                __divsi3
                0x00000eb0                __aeabi_idiv
                0x0000107c                __aeabi_idivmod
 .text          0x00001084        0x4 c:/program files (x86)/cypress/psoc creator/4.4/psoc creator/import/gnu/arm/5.4.1/bin/../lib/gcc/arm-none-eabi/5.4.1/armv6-m\libgcc.a(_dvmd_tls.o)
                0x00001084                __aeabi_idiv0
                0x00001084                __aeabi_ldiv0
 .text.__errno  0x00001088        0xc c:/program files (x86)/cypress/psoc creator/4.4/psoc creator/import/gnu/arm/5.4.1/bin/../lib/gcc/arm-none-eabi/5.4.1/../../../../arm-none-eabi/lib/armv6-m\libg_nano.a(lib_a-errno.o)
                0x00001088                __errno
 .text.__libc_init_array
                0x00001094       0x4c c:/program files (x86)/cypress/psoc creator/4.4/psoc creator/import/gnu/arm/5.4.1/bin/../lib/gcc/arm-none-eabi/5.4.1/../../../../arm-none-eabi/lib/armv6-m\libg_nano.a(lib_a-init.o)
                0x00001094                __libc_init_array
 .text.memset   0x000010e0       0x10 c:/program files (x86)/cypress/psoc creator/4.4/psoc creator/import/gnu/arm/5.4.1/bin/../lib/gcc/arm-none-eabi/5.4.1/../../../../arm-none-eabi/lib/armv6-m\libg_nano.a(lib_a-memset.o)
                0x000010e0                memset
 *(.plt)
 *(.gnu.warning)
 *(.glue_7t)
 .glue_7t       0x000010f0        0x0 linker stubs
 *(.glue_7)
 .glue_7        0x000010f0        0x0 linker stubs
 *(.vfp11_veneer)
 .vfp11_veneer  0x000010f0        0x0 linker stubs
 *(.bootloader)
 *(.ARM.extab* .gnu.linkonce.armextab.*)
 *(.gcc_except_table)

.v4_bx          0x000010f0        0x0
 .v4_bx         0x000010f0        0x0 linker stubs

.iplt           0x000010f0        0x0
 .iplt          0x000010f0        0x0 c:/program files (x86)/cypress/psoc creator/4.4/psoc creator/import/gnu/arm/5.4.1/bin/../lib/gcc/arm-none-eabi/5.4.1/armv6-m/crtbegin.o

.eh_frame_hdr
 *(.eh_frame_hdr)

.eh_frame       0x000010f0        0x4
 *(.eh_frame)
 .eh_frame      0x000010f0        0x0 c:/program files (x86)/cypress/psoc creator/4.4/psoc creator/import/gnu/arm/5.4.1/bin/../lib/gcc/arm-none-eabi/5.4.1/armv6-m/crtbegin.o
 .eh_frame      0x000010f0        0x4 c:/program files (x86)/cypress/psoc creator/4.4/psoc creator/import/gnu/arm/5.4.1/bin/../lib/gcc/arm-none-eabi/5.4.1/armv6-m/crtend.o
                [!provide]                PROVIDE (__exidx_start, .)

.ARM.exidx
 *(.ARM.exidx* .gnu.linkonce.armexidx.*)
                0x000010f4                __exidx_end = .

.rodata         0x000010f4       0x74
 *(.rodata .rodata.* .gnu.linkonce.r.*)
 .rodata        0x000010f4        0xc .\CortexM0\ARM_GCC_541\Debug\cyfitter_cfg.o
 .rodata        0x00001100       0x2e .\CortexM0\ARM_GCC_541\Debug\I2C bus PWM Controller.a(CyLib.o)
                0x00001100                cyImoFreqMhz2Reg
 .rodata.str1.1
                0x0000112e        0x2 c:/program files (x86)/cypress/psoc creator/4.4/psoc creator/import/gnu/arm/5.4.1/bin/../lib/gcc/arm-none-eabi/5.4.1/../../../../arm-none-eabi/lib/armv6-m\libg_nano.a(lib_a-impure.o)
                0x00001130                . = ALIGN (0x4)
 *(.init)
 .init          0x00001130        0x4 c:/program files (x86)/cypress/psoc creator/4.4/psoc creator/import/gnu/arm/5.4.1/bin/../lib/gcc/arm-none-eabi/5.4.1/armv6-m/crti.o
                0x00001130                _init
 .init          0x00001134        0x8 c:/program files (x86)/cypress/psoc creator/4.4/psoc creator/import/gnu/arm/5.4.1/bin/../lib/gcc/arm-none-eabi/5.4.1/armv6-m/crtn.o
                0x0000113c                . = ALIGN (0x4)
                0x0000113c                __preinit_array_start = .
 *(.preinit_array)
                0x0000113c                __preinit_array_end = .
                0x0000113c                . = ALIGN (0x4)
                0x0000113c                __init_array_start = .
 *(SORT(.init_array.*))
 *(.init_array)
 .init_array    0x0000113c        0x4 c:/program files (x86)/cypress/psoc creator/4.4/psoc creator/import/gnu/arm/5.4.1/bin/../lib/gcc/arm-none-eabi/5.4.1/armv6-m/crtbegin.o
 .init_array    0x00001140        0x4 .\CortexM0\ARM_GCC_541\Debug\Cm0Start.o
                0x00001144                __init_array_end = .
                0x00001144                . = ALIGN (0x4)
 *(.fini)
 .fini          0x00001144        0x4 c:/program files (x86)/cypress/psoc creator/4.4/psoc creator/import/gnu/arm/5.4.1/bin/../lib/gcc/arm-none-eabi/5.4.1/armv6-m/crti.o
                0x00001144                _fini
 .fini          0x00001148        0x8 c:/program files (x86)/cypress/psoc creator/4.4/psoc creator/import/gnu/arm/5.4.1/bin/../lib/gcc/arm-none-eabi/5.4.1/armv6-m/crtn.o
                0x00001150                . = ALIGN (0x4)
                0x00001150                __fini_array_start = .
 *(.fini_array)
 .fini_array    0x00001150        0x4 c:/program files (x86)/cypress/psoc creator/4.4/psoc creator/import/gnu/arm/5.4.1/bin/../lib/gcc/arm-none-eabi/5.4.1/armv6-m/crtbegin.o
 *(SORT(.fini_array.*))
                0x00001154                __fini_array_end = .
                0x00001154                . = ALIGN (0x4)
 *crtbegin.o(.ctors)
 *(EXCLUDE_FILE(*crtend.o) .ctors)
 *(SORT(.ctors.*))
 *crtend.o(.ctors)
                0x00001154                . = ALIGN (0x4)
 *crtbegin.o(.dtors)
 *(EXCLUDE_FILE(*crtend.o) .dtors)
 *(SORT(.dtors.*))
 *crtend.o(.dtors)
                0x00001154                . = ALIGN (0x4)
                0x00001154                __cy_regions = .
                0x00001154        0x4 LONG 0x1168 __cy_region_init_ram
                0x00001158        0x4 LONG 0x200000c0 __cy_region_start_data
                0x0000115c        0x4 LONG 0x80 __cy_region_init_size_ram
                0x00001160        0x4 LONG 0x70 __cy_region_zero_size_ram
                0x00001164                __cy_regions_end = .
                0x00001168                . = ALIGN (0x8)
 *fill*         0x00001164        0x4 
                0x00001168                _etext = .

.cy_checksum_exclude
                0x00001168        0x0
 *(.cy_checksum_exclude)

.ramvectors     0x20000000       0xc0
                0x20000000                __cy_region_start_ram = .
 *(.ramvectors)
 .ramvectors    0x20000000       0xc0 .\CortexM0\ARM_GCC_541\Debug\Cm0Start.o
                0x20000000                CyRamVectors

.noinit
 *(.noinit)

.data           0x200000c0       0x80 load address 0x00001168
                0x200000c0                __cy_region_start_data = .
 *(.jcr)
 .jcr           0x200000c0        0x0 c:/program files (x86)/cypress/psoc creator/4.4/psoc creator/import/gnu/arm/5.4.1/bin/../lib/gcc/arm-none-eabi/5.4.1/armv6-m/crtbegin.o
 .jcr           0x200000c0        0x4 c:/program files (x86)/cypress/psoc creator/4.4/psoc creator/import/gnu/arm/5.4.1/bin/../lib/gcc/arm-none-eabi/5.4.1/armv6-m/crtend.o
 *(.got.plt)
 *(.got)
 *(.shdata)
 *(.data .data.* .gnu.linkonce.d.*)
 .data          0x200000c4       0x14 .\CortexM0\ARM_GCC_541\Debug\I2C bus PWM Controller.a(CyLib.o)
                0x200000c4                CySysClkPumpConfig
                0x200000c8                cydelay32kMs
                0x200000cc                cydelayFreqKhz
                0x200000d0                cydelayFreqMhz
                0x200000d4                cydelayFreqHz
 .data          0x200000d8        0x4 .\CortexM0\ARM_GCC_541\Debug\I2C bus PWM Controller.a(CyLFClk.o)
 .data.impure_data
                0x200000dc       0x60 c:/program files (x86)/cypress/psoc creator/4.4/psoc creator/import/gnu/arm/5.4.1/bin/../lib/gcc/arm-none-eabi/5.4.1/../../../../arm-none-eabi/lib/armv6-m\libg_nano.a(lib_a-impure.o)
 .data._impure_ptr
                0x2000013c        0x4 c:/program files (x86)/cypress/psoc creator/4.4/psoc creator/import/gnu/arm/5.4.1/bin/../lib/gcc/arm-none-eabi/5.4.1/../../../../arm-none-eabi/lib/armv6-m\libg_nano.a(lib_a-impure.o)
                0x2000013c                _impure_ptr
                0x20000140                . = ALIGN (0x8)
 *(.ram)
                0x20000140                _edata = .

.igot.plt       0x20000140        0x0 load address 0x000011e8
 .igot.plt      0x20000140        0x0 c:/program files (x86)/cypress/psoc creator/4.4/psoc creator/import/gnu/arm/5.4.1/bin/../lib/gcc/arm-none-eabi/5.4.1/armv6-m/crtbegin.o

.bss            0x20000140       0x70 load address 0x000011e8
                0x20000140                PROVIDE (__bss_start__, .)
 *(.shbss)
 *(.bss .bss.* .gnu.linkonce.b.*)
 .bss           0x20000140       0x1c c:/program files (x86)/cypress/psoc creator/4.4/psoc creator/import/gnu/arm/5.4.1/bin/../lib/gcc/arm-none-eabi/5.4.1/armv6-m/crtbegin.o
 .bss           0x2000015c        0x8 .\CortexM0\ARM_GCC_541\Debug\I2C bus PWM Controller.a(I2C.o)
                0x2000015c                I2C_initVar
                0x20000160                I2C_customIntrHandler
 .bss           0x20000164       0x20 .\CortexM0\ARM_GCC_541\Debug\I2C bus PWM Controller.a(CyLFClk.o)
 *(COMMON)
 COMMON         0x20000184        0x1 .\CortexM0\ARM_GCC_541\Debug\I2C bus PWM Controller.a(I2C_I2C.o)
                0x20000184                I2C_state
 *fill*         0x20000185        0x3 
 COMMON         0x20000188       0x24 .\CortexM0\ARM_GCC_541\Debug\I2C bus PWM Controller.a(I2C_I2C_MASTER.o)
                0x20000188                I2C_mstrWrBufIndexTmp
                0x2000018c                I2C_mstrWrBufIndex
                0x20000190                I2C_mstrWrBufSize
                0x20000194                I2C_mstrStatus
                0x20000198                I2C_mstrRdBufPtr
                0x2000019c                I2C_mstrControl
                0x200001a0                I2C_mstrRdBufSize
                0x200001a4                I2C_mstrRdBufIndex
                0x200001a8                I2C_mstrWrBufPtr
                0x200001b0                . = ALIGN (0x8)
 *fill*         0x200001ac        0x4 
 *(.ram.b)
                0x200001b0                _end = .
                0x200001b0                __end = .
                0x200001b0                PROVIDE (end, .)
                0x200001b0                PROVIDE (__bss_end__, .)
                0x00001168                __cy_region_init_ram = LOADADDR (.data)
                0x00000080                __cy_region_init_size_ram = (_edata - ADDR (.data))
                0x00000070                __cy_region_zero_size_ram = (_end - _edata)

.heap           0x200001b0       0x80 load address 0x000011e8
                0x200001b0                . = _end
                0x20000230                . = (. + 0x80)
 *fill*         0x200001b0       0x80 
                0x20000230                __cy_heap_limit = .

.stack          0x20000800      0x800
                0x20000800                __cy_stack_limit = .
                0x20001000                . = (. + 0x800)
 *fill*         0x20000800      0x800 
                0x00000001                ASSERT ((__cy_stack_limit >= __cy_heap_limit), region RAM overflowed with stack)
                0x00000000                cy_checksum_exclude_size = (CY_APPL_LOADABLE == 0x1)?SIZEOF (.cy_checksum_exclude):0x0
                0x00000001                ASSERT ((cy_checksum_exclude_size <= CY_CHECKSUM_EXCLUDE_SIZE), CY_BOOT: Section .cy_checksum_exclude size exceedes specified limit.)
                0x00007fc0                cyloadermeta_start = (cy_project_type_bootloader || cy_project_type_app_for_stack_and_copier)?(LENGTH (rom) - CY_METADATA_SIZE):0xf0000000

.cyloadermeta
 *(.cyloadermeta)
                0x00007fc0                cyloadablemeta_start = cy_project_type_app_for_stack_and_copier?((LENGTH (rom) - CY_FLASH_ROW_SIZE) - CY_METADATA_SIZE):((LENGTH (rom) - (CY_FLASH_ROW_SIZE * (CY_APPL_NUM - 0x1))) - CY_METADATA_SIZE)

.cyloadablemeta
 *(.cyloadablemeta)

.cyflashprotect
                0x90400000       0x20
 *(.cyflashprotect)
 .cyflashprotect
                0x90400000       0x20 .\CortexM0\ARM_GCC_541\Debug\cymetadata.o
                0x90400000                cy_meta_flashprotect

.cymeta         0x90500000        0xc
 *(.cymeta)
 .cymeta        0x90500000        0xc .\CortexM0\ARM_GCC_541\Debug\cymetadata.o
                0x90500000                cy_metadata

.cychipprotect  0x90600000        0x1
 *(.cychipprotect)
 .cychipprotect
                0x90600000        0x1 .\CortexM0\ARM_GCC_541\Debug\cymetadata.o
                0x90600000                cy_meta_chipprotect

.rel.dyn        0x000011e8        0x0 load address 0x90600004
 .rel.iplt      0x000011e8        0x0 c:/program files (x86)/cypress/psoc creator/4.4/psoc creator/import/gnu/arm/5.4.1/bin/../lib/gcc/arm-none-eabi/5.4.1/armv6-m/crtbegin.o

.stab
 *(.stab)

.stabstr
 *(.stabstr)

.debug
 *(.debug)

.line
 *(.line)

.debug_srcinfo
 *(.debug_srcinfo)

.debug_sfnames
 *(.debug_sfnames)

.debug_aranges  0x00000000      0x5c8
 *(.debug_aranges)
 .debug_aranges
                0x00000000       0x20 .\CortexM0\ARM_GCC_541\Debug\main.o
 .debug_aranges
                0x00000020       0x60 .\CortexM0\ARM_GCC_541\Debug\PCA9685.o
 .debug_aranges
                0x00000080       0x30 .\CortexM0\ARM_GCC_541\Debug\cyfitter_cfg.o
 .debug_aranges
                0x000000b0       0x18 .\CortexM0\ARM_GCC_541\Debug\cymetadata.o
 .debug_aranges
                0x000000c8       0x48 .\CortexM0\ARM_GCC_541\Debug\Cm0Start.o
 .debug_aranges
                0x00000110       0x68 .\CortexM0\ARM_GCC_541\Debug\I2C bus PWM Controller.a(I2C.o)
 .debug_aranges
                0x00000178       0x30 .\CortexM0\ARM_GCC_541\Debug\I2C bus PWM Controller.a(I2C_I2C.o)
 .debug_aranges
                0x000001a8       0x98 .\CortexM0\ARM_GCC_541\Debug\I2C bus PWM Controller.a(I2C_I2C_MASTER.o)
 .debug_aranges
                0x00000240      0x180 .\CortexM0\ARM_GCC_541\Debug\I2C bus PWM Controller.a(CyLib.o)
 .debug_aranges
                0x000003c0      0x138 .\CortexM0\ARM_GCC_541\Debug\I2C bus PWM Controller.a(CyLFClk.o)
 .debug_aranges
                0x000004f8       0x48 .\CortexM0\ARM_GCC_541\Debug\I2C bus PWM Controller.a(I2C_sda.o)
 .debug_aranges
                0x00000540       0x48 .\CortexM0\ARM_GCC_541\Debug\I2C bus PWM Controller.a(I2C_scl.o)
 .debug_aranges
                0x00000588       0x20 .\CortexM0\ARM_GCC_541\Debug\I2C bus PWM Controller.a(CyBootAsmGnu.o)
 .debug_aranges
                0x000005a8       0x20 .\CortexM0\ARM_GCC_541\Debug\I2C bus PWM Controller.a(I2C_I2C_INT.o)

.debug_pubnames
 *(.debug_pubnames)

.debug_info     0x00000000     0x383f
 *(.debug_info .gnu.linkonce.wi.*)
 .debug_info    0x00000000      0x19c .\CortexM0\ARM_GCC_541\Debug\main.o
 .debug_info    0x0000019c      0x4c9 .\CortexM0\ARM_GCC_541\Debug\PCA9685.o
 .debug_info    0x00000665      0x279 .\CortexM0\ARM_GCC_541\Debug\cyfitter_cfg.o
 .debug_info    0x000008de       0xf8 .\CortexM0\ARM_GCC_541\Debug\cymetadata.o
 .debug_info    0x000009d6      0x3a2 .\CortexM0\ARM_GCC_541\Debug\Cm0Start.o
 .debug_info    0x00000d78      0x2aa .\CortexM0\ARM_GCC_541\Debug\I2C bus PWM Controller.a(I2C.o)
 .debug_info    0x00001022      0x195 .\CortexM0\ARM_GCC_541\Debug\I2C bus PWM Controller.a(I2C_I2C.o)
 .debug_info    0x000011b7      0x91d .\CortexM0\ARM_GCC_541\Debug\I2C bus PWM Controller.a(I2C_I2C_MASTER.o)
 .debug_info    0x00001ad4      0xaed .\CortexM0\ARM_GCC_541\Debug\I2C bus PWM Controller.a(CyLib.o)
 .debug_info    0x000025c1      0xcfe .\CortexM0\ARM_GCC_541\Debug\I2C bus PWM Controller.a(CyLFClk.o)
 .debug_info    0x000032bf      0x19d .\CortexM0\ARM_GCC_541\Debug\I2C bus PWM Controller.a(I2C_sda.o)
 .debug_info    0x0000345c      0x19b .\CortexM0\ARM_GCC_541\Debug\I2C bus PWM Controller.a(I2C_scl.o)
 .debug_info    0x000035f7       0xa0 .\CortexM0\ARM_GCC_541\Debug\I2C bus PWM Controller.a(CyBootAsmGnu.o)
 .debug_info    0x00003697      0x1a8 .\CortexM0\ARM_GCC_541\Debug\I2C bus PWM Controller.a(I2C_I2C_INT.o)

.debug_abbrev   0x00000000      0xf8a
 *(.debug_abbrev)
 .debug_abbrev  0x00000000       0xb2 .\CortexM0\ARM_GCC_541\Debug\main.o
 .debug_abbrev  0x000000b2      0x17f .\CortexM0\ARM_GCC_541\Debug\PCA9685.o
 .debug_abbrev  0x00000231      0x150 .\CortexM0\ARM_GCC_541\Debug\cyfitter_cfg.o
 .debug_abbrev  0x00000381       0x5d .\CortexM0\ARM_GCC_541\Debug\cymetadata.o
 .debug_abbrev  0x000003de      0x1d7 .\CortexM0\ARM_GCC_541\Debug\Cm0Start.o
 .debug_abbrev  0x000005b5      0x130 .\CortexM0\ARM_GCC_541\Debug\I2C bus PWM Controller.a(I2C.o)
 .debug_abbrev  0x000006e5       0xc7 .\CortexM0\ARM_GCC_541\Debug\I2C bus PWM Controller.a(I2C_I2C.o)
 .debug_abbrev  0x000007ac      0x1b3 .\CortexM0\ARM_GCC_541\Debug\I2C bus PWM Controller.a(I2C_I2C_MASTER.o)
 .debug_abbrev  0x0000095f      0x1d3 .\CortexM0\ARM_GCC_541\Debug\I2C bus PWM Controller.a(CyLib.o)
 .debug_abbrev  0x00000b32      0x210 .\CortexM0\ARM_GCC_541\Debug\I2C bus PWM Controller.a(CyLFClk.o)
 .debug_abbrev  0x00000d42       0xc8 .\CortexM0\ARM_GCC_541\Debug\I2C bus PWM Controller.a(I2C_sda.o)
 .debug_abbrev  0x00000e0a       0xc8 .\CortexM0\ARM_GCC_541\Debug\I2C bus PWM Controller.a(I2C_scl.o)
 .debug_abbrev  0x00000ed2       0x14 .\CortexM0\ARM_GCC_541\Debug\I2C bus PWM Controller.a(CyBootAsmGnu.o)
 .debug_abbrev  0x00000ee6       0xa4 .\CortexM0\ARM_GCC_541\Debug\I2C bus PWM Controller.a(I2C_I2C_INT.o)

.debug_line     0x00000000     0x189e
 *(.debug_line)
 .debug_line    0x00000000       0x93 .\CortexM0\ARM_GCC_541\Debug\main.o
 .debug_line    0x00000093      0x21d .\CortexM0\ARM_GCC_541\Debug\PCA9685.o
 .debug_line    0x000002b0      0x12e .\CortexM0\ARM_GCC_541\Debug\cyfitter_cfg.o
 .debug_line    0x000003de      0x141 .\CortexM0\ARM_GCC_541\Debug\cymetadata.o
 .debug_line    0x0000051f      0x235 .\CortexM0\ARM_GCC_541\Debug\Cm0Start.o
 .debug_line    0x00000754      0x143 .\CortexM0\ARM_GCC_541\Debug\I2C bus PWM Controller.a(I2C.o)
 .debug_line    0x00000897       0xc3 .\CortexM0\ARM_GCC_541\Debug\I2C bus PWM Controller.a(I2C_I2C.o)
 .debug_line    0x0000095a      0x339 .\CortexM0\ARM_GCC_541\Debug\I2C bus PWM Controller.a(I2C_I2C_MASTER.o)
 .debug_line    0x00000c93      0x460 .\CortexM0\ARM_GCC_541\Debug\I2C bus PWM Controller.a(CyLib.o)
 .debug_line    0x000010f3      0x466 .\CortexM0\ARM_GCC_541\Debug\I2C bus PWM Controller.a(CyLFClk.o)
 .debug_line    0x00001559       0xbf .\CortexM0\ARM_GCC_541\Debug\I2C bus PWM Controller.a(I2C_sda.o)
 .debug_line    0x00001618       0xbe .\CortexM0\ARM_GCC_541\Debug\I2C bus PWM Controller.a(I2C_scl.o)
 .debug_line    0x000016d6       0x69 .\CortexM0\ARM_GCC_541\Debug\I2C bus PWM Controller.a(CyBootAsmGnu.o)
 .debug_line    0x0000173f      0x15f .\CortexM0\ARM_GCC_541\Debug\I2C bus PWM Controller.a(I2C_I2C_INT.o)

.debug_frame    0x00000000      0xef8
 *(.debug_frame)
 .debug_frame   0x00000000       0x2c .\CortexM0\ARM_GCC_541\Debug\main.o
 .debug_frame   0x0000002c      0x108 .\CortexM0\ARM_GCC_541\Debug\PCA9685.o
 .debug_frame   0x00000134       0x68 .\CortexM0\ARM_GCC_541\Debug\cyfitter_cfg.o
 .debug_frame   0x0000019c       0xbc .\CortexM0\ARM_GCC_541\Debug\Cm0Start.o
 .debug_frame   0x00000258       0xf8 .\CortexM0\ARM_GCC_541\Debug\I2C bus PWM Controller.a(I2C.o)
 .debug_frame   0x00000350       0x58 .\CortexM0\ARM_GCC_541\Debug\I2C bus PWM Controller.a(I2C_I2C.o)
 .debug_frame   0x000003a8      0x1e8 .\CortexM0\ARM_GCC_541\Debug\I2C bus PWM Controller.a(I2C_I2C_MASTER.o)
 .debug_frame   0x00000590      0x3e0 .\CortexM0\ARM_GCC_541\Debug\I2C bus PWM Controller.a(CyLib.o)
 .debug_frame   0x00000970      0x3a8 .\CortexM0\ARM_GCC_541\Debug\I2C bus PWM Controller.a(CyLFClk.o)
 .debug_frame   0x00000d18       0x70 .\CortexM0\ARM_GCC_541\Debug\I2C bus PWM Controller.a(I2C_sda.o)
 .debug_frame   0x00000d88       0x70 .\CortexM0\ARM_GCC_541\Debug\I2C bus PWM Controller.a(I2C_scl.o)
 .debug_frame   0x00000df8       0x2c .\CortexM0\ARM_GCC_541\Debug\I2C bus PWM Controller.a(I2C_I2C_INT.o)
 .debug_frame   0x00000e24       0x20 c:/program files (x86)/cypress/psoc creator/4.4/psoc creator/import/gnu/arm/5.4.1/bin/../lib/gcc/arm-none-eabi/5.4.1/armv6-m\libgcc.a(_udivsi3.o)
 .debug_frame   0x00000e44       0x20 c:/program files (x86)/cypress/psoc creator/4.4/psoc creator/import/gnu/arm/5.4.1/bin/../lib/gcc/arm-none-eabi/5.4.1/armv6-m\libgcc.a(_divsi3.o)
 .debug_frame   0x00000e64       0x20 c:/program files (x86)/cypress/psoc creator/4.4/psoc creator/import/gnu/arm/5.4.1/bin/../lib/gcc/arm-none-eabi/5.4.1/../../../../arm-none-eabi/lib/armv6-m\libg_nano.a(lib_a-errno.o)
 .debug_frame   0x00000e84       0x28 c:/program files (x86)/cypress/psoc creator/4.4/psoc creator/import/gnu/arm/5.4.1/bin/../lib/gcc/arm-none-eabi/5.4.1/../../../../arm-none-eabi/lib/armv6-m\libg_nano.a(lib_a-exit.o)
 .debug_frame   0x00000eac       0x2c c:/program files (x86)/cypress/psoc creator/4.4/psoc creator/import/gnu/arm/5.4.1/bin/../lib/gcc/arm-none-eabi/5.4.1/../../../../arm-none-eabi/lib/armv6-m\libg_nano.a(lib_a-init.o)
 .debug_frame   0x00000ed8       0x20 c:/program files (x86)/cypress/psoc creator/4.4/psoc creator/import/gnu/arm/5.4.1/bin/../lib/gcc/arm-none-eabi/5.4.1/../../../../arm-none-eabi/lib/armv6-m\libg_nano.a(lib_a-memset.o)

.debug_str      0x00000000     0x1491
 *(.debug_str)
 .debug_str     0x00000000      0x18c .\CortexM0\ARM_GCC_541\Debug\main.o
                                0x1cc (size before relaxing)
 .debug_str     0x0000018c      0x166 .\CortexM0\ARM_GCC_541\Debug\PCA9685.o
                                0x32e (size before relaxing)
 .debug_str     0x000002f2       0xae .\CortexM0\ARM_GCC_541\Debug\cyfitter_cfg.o
                                0x25a (size before relaxing)
 .debug_str     0x000003a0       0x63 .\CortexM0\ARM_GCC_541\Debug\cymetadata.o
                                0x1d8 (size before relaxing)
 .debug_str     0x00000403      0x13b .\CortexM0\ARM_GCC_541\Debug\Cm0Start.o
                                0x311 (size before relaxing)
 .debug_str     0x0000053e      0x12a .\CortexM0\ARM_GCC_541\Debug\I2C bus PWM Controller.a(I2C.o)
                                0x2e9 (size before relaxing)
 .debug_str     0x00000668       0x85 .\CortexM0\ARM_GCC_541\Debug\I2C bus PWM Controller.a(I2C_I2C.o)
                                0x25e (size before relaxing)
 .debug_str     0x000006ed      0x284 .\CortexM0\ARM_GCC_541\Debug\I2C bus PWM Controller.a(I2C_I2C_MASTER.o)
                                0x4fc (size before relaxing)
 .debug_str     0x00000971      0x488 .\CortexM0\ARM_GCC_541\Debug\I2C bus PWM Controller.a(CyLib.o)
                                0x6c6 (size before relaxing)
 .debug_str     0x00000df9      0x52b .\CortexM0\ARM_GCC_541\Debug\I2C bus PWM Controller.a(CyLFClk.o)
                                0x74d (size before relaxing)
 .debug_str     0x00001324       0xac .\CortexM0\ARM_GCC_541\Debug\I2C bus PWM Controller.a(I2C_sda.o)
                                0x254 (size before relaxing)
 .debug_str     0x000013d0       0x7a .\CortexM0\ARM_GCC_541\Debug\I2C bus PWM Controller.a(I2C_scl.o)
                                0x254 (size before relaxing)
 .debug_str     0x0000144a       0x47 .\CortexM0\ARM_GCC_541\Debug\I2C bus PWM Controller.a(I2C_I2C_INT.o)
                                0x2ce (size before relaxing)

.debug_loc      0x00000000     0x225b
 *(.debug_loc)
 .debug_loc     0x00000000       0x1f .\CortexM0\ARM_GCC_541\Debug\main.o
 .debug_loc     0x0000001f      0x3b9 .\CortexM0\ARM_GCC_541\Debug\PCA9685.o
 .debug_loc     0x000003d8       0xa9 .\CortexM0\ARM_GCC_541\Debug\cyfitter_cfg.o
 .debug_loc     0x00000481      0x14f .\CortexM0\ARM_GCC_541\Debug\Cm0Start.o
 .debug_loc     0x000005d0       0x7e .\CortexM0\ARM_GCC_541\Debug\I2C bus PWM Controller.a(I2C.o)
 .debug_loc     0x0000064e      0xa90 .\CortexM0\ARM_GCC_541\Debug\I2C bus PWM Controller.a(I2C_I2C_MASTER.o)
 .debug_loc     0x000010de      0x599 .\CortexM0\ARM_GCC_541\Debug\I2C bus PWM Controller.a(CyLib.o)
 .debug_loc     0x00001677      0x9b5 .\CortexM0\ARM_GCC_541\Debug\I2C bus PWM Controller.a(CyLFClk.o)
 .debug_loc     0x0000202c       0xa2 .\CortexM0\ARM_GCC_541\Debug\I2C bus PWM Controller.a(I2C_sda.o)
 .debug_loc     0x000020ce       0x81 .\CortexM0\ARM_GCC_541\Debug\I2C bus PWM Controller.a(I2C_scl.o)
 .debug_loc     0x0000214f      0x10c .\CortexM0\ARM_GCC_541\Debug\I2C bus PWM Controller.a(I2C_I2C_INT.o)

.debug_macinfo
 *(.debug_macinfo)

.debug_ranges   0x00000000      0x4d0
 *(.debug_ranges)
 .debug_ranges  0x00000000       0x10 .\CortexM0\ARM_GCC_541\Debug\main.o
 .debug_ranges  0x00000010       0x50 .\CortexM0\ARM_GCC_541\Debug\PCA9685.o
 .debug_ranges  0x00000060       0x20 .\CortexM0\ARM_GCC_541\Debug\cyfitter_cfg.o
 .debug_ranges  0x00000080       0x38 .\CortexM0\ARM_GCC_541\Debug\Cm0Start.o
 .debug_ranges  0x000000b8       0x58 .\CortexM0\ARM_GCC_541\Debug\I2C bus PWM Controller.a(I2C.o)
 .debug_ranges  0x00000110       0x20 .\CortexM0\ARM_GCC_541\Debug\I2C bus PWM Controller.a(I2C_I2C.o)
 .debug_ranges  0x00000130       0x88 .\CortexM0\ARM_GCC_541\Debug\I2C bus PWM Controller.a(I2C_I2C_MASTER.o)
 .debug_ranges  0x000001b8      0x170 .\CortexM0\ARM_GCC_541\Debug\I2C bus PWM Controller.a(CyLib.o)
 .debug_ranges  0x00000328      0x128 .\CortexM0\ARM_GCC_541\Debug\I2C bus PWM Controller.a(CyLFClk.o)
 .debug_ranges  0x00000450       0x38 .\CortexM0\ARM_GCC_541\Debug\I2C bus PWM Controller.a(I2C_sda.o)
 .debug_ranges  0x00000488       0x38 .\CortexM0\ARM_GCC_541\Debug\I2C bus PWM Controller.a(I2C_scl.o)
 .debug_ranges  0x000004c0       0x10 .\CortexM0\ARM_GCC_541\Debug\I2C bus PWM Controller.a(I2C_I2C_INT.o)

.comment        0x00000000       0x6e
 .comment       0x00000000       0x6e .\CortexM0\ARM_GCC_541\Debug\main.o
                                 0x6f (size before relaxing)
 .comment       0x0000006e       0x6f .\CortexM0\ARM_GCC_541\Debug\PCA9685.o
 .comment       0x0000006e       0x6f .\CortexM0\ARM_GCC_541\Debug\cyfitter_cfg.o
 .comment       0x0000006e       0x6f .\CortexM0\ARM_GCC_541\Debug\cymetadata.o
 .comment       0x0000006e       0x6f .\CortexM0\ARM_GCC_541\Debug\Cm0Start.o
 .comment       0x0000006e       0x6f .\CortexM0\ARM_GCC_541\Debug\I2C bus PWM Controller.a(I2C.o)
 .comment       0x0000006e       0x6f .\CortexM0\ARM_GCC_541\Debug\I2C bus PWM Controller.a(I2C_I2C.o)
 .comment       0x0000006e       0x6f .\CortexM0\ARM_GCC_541\Debug\I2C bus PWM Controller.a(I2C_I2C_MASTER.o)
 .comment       0x0000006e       0x6f .\CortexM0\ARM_GCC_541\Debug\I2C bus PWM Controller.a(CyLib.o)
 .comment       0x0000006e       0x6f .\CortexM0\ARM_GCC_541\Debug\I2C bus PWM Controller.a(CyLFClk.o)
 .comment       0x0000006e       0x6f .\CortexM0\ARM_GCC_541\Debug\I2C bus PWM Controller.a(I2C_sda.o)
 .comment       0x0000006e       0x6f .\CortexM0\ARM_GCC_541\Debug\I2C bus PWM Controller.a(I2C_scl.o)
 .comment       0x0000006e       0x6f .\CortexM0\ARM_GCC_541\Debug\I2C bus PWM Controller.a(I2C_I2C_INT.o)

.debug_weaknames
 *(.debug_weaknames)

.debug_funcnames
 *(.debug_funcnames)

.debug_typenames
 *(.debug_typenames)

.debug_varnames
 *(.debug_varnames)

.note.gnu.arm.ident
 *(.note.gnu.arm.ident)

.ARM.attributes
                0x00000000       0x28
 *(.ARM.attributes)
 .ARM.attributes
                0x00000000       0x1e c:/program files (x86)/cypress/psoc creator/4.4/psoc creator/import/gnu/arm/5.4.1/bin/../lib/gcc/arm-none-eabi/5.4.1/armv6-m/crti.o
 .ARM.attributes
                0x0000001e       0x2c c:/program files (x86)/cypress/psoc creator/4.4/psoc creator/import/gnu/arm/5.4.1/bin/../lib/gcc/arm-none-eabi/5.4.1/armv6-m/crtbegin.o
 .ARM.attributes
                0x0000004a       0x1b c:/program files (x86)/cypress/psoc creator/4.4/psoc creator/import/gnu/arm/5.4.1/bin/../lib/gcc/arm-none-eabi/5.4.1/../../../../arm-none-eabi/lib/armv6-m/crt0.o
 .ARM.attributes
                0x00000065       0x31 .\CortexM0\ARM_GCC_541\Debug\main.o
 .ARM.attributes
                0x00000096       0x31 .\CortexM0\ARM_GCC_541\Debug\PCA9685.o
 .ARM.attributes
                0x000000c7       0x31 .\CortexM0\ARM_GCC_541\Debug\cyfitter_cfg.o
 .ARM.attributes
                0x000000f8       0x31 .\CortexM0\ARM_GCC_541\Debug\cymetadata.o
 .ARM.attributes
                0x00000129       0x31 .\CortexM0\ARM_GCC_541\Debug\Cm0Start.o
 .ARM.attributes
                0x0000015a       0x31 .\CortexM0\ARM_GCC_541\Debug\I2C bus PWM Controller.a(I2C.o)
 .ARM.attributes
                0x0000018b       0x31 .\CortexM0\ARM_GCC_541\Debug\I2C bus PWM Controller.a(I2C_I2C.o)
 .ARM.attributes
                0x000001bc       0x31 .\CortexM0\ARM_GCC_541\Debug\I2C bus PWM Controller.a(I2C_I2C_MASTER.o)
 .ARM.attributes
                0x000001ed       0x31 .\CortexM0\ARM_GCC_541\Debug\I2C bus PWM Controller.a(CyLib.o)
 .ARM.attributes
                0x0000021e       0x31 .\CortexM0\ARM_GCC_541\Debug\I2C bus PWM Controller.a(CyLFClk.o)
 .ARM.attributes
                0x0000024f       0x31 .\CortexM0\ARM_GCC_541\Debug\I2C bus PWM Controller.a(I2C_sda.o)
 .ARM.attributes
                0x00000280       0x31 .\CortexM0\ARM_GCC_541\Debug\I2C bus PWM Controller.a(I2C_scl.o)
 .ARM.attributes
                0x000002b1       0x21 .\CortexM0\ARM_GCC_541\Debug\I2C bus PWM Controller.a(CyBootAsmGnu.o)
 .ARM.attributes
                0x000002d2       0x31 .\CortexM0\ARM_GCC_541\Debug\I2C bus PWM Controller.a(I2C_I2C_INT.o)
 .ARM.attributes
                0x00000303       0x1e c:/program files (x86)/cypress/psoc creator/4.4/psoc creator/import/gnu/arm/5.4.1/bin/../lib/gcc/arm-none-eabi/5.4.1/armv6-m\libgcc.a(_udivsi3.o)
 .ARM.attributes
                0x00000321       0x1e c:/program files (x86)/cypress/psoc creator/4.4/psoc creator/import/gnu/arm/5.4.1/bin/../lib/gcc/arm-none-eabi/5.4.1/armv6-m\libgcc.a(_divsi3.o)
 .ARM.attributes
                0x0000033f       0x1e c:/program files (x86)/cypress/psoc creator/4.4/psoc creator/import/gnu/arm/5.4.1/bin/../lib/gcc/arm-none-eabi/5.4.1/armv6-m\libgcc.a(_dvmd_tls.o)
 .ARM.attributes
                0x0000035d       0x2c c:/program files (x86)/cypress/psoc creator/4.4/psoc creator/import/gnu/arm/5.4.1/bin/../lib/gcc/arm-none-eabi/5.4.1/../../../../arm-none-eabi/lib/armv6-m\libg_nano.a(lib_a-errno.o)
 .ARM.attributes
                0x00000389       0x2c c:/program files (x86)/cypress/psoc creator/4.4/psoc creator/import/gnu/arm/5.4.1/bin/../lib/gcc/arm-none-eabi/5.4.1/../../../../arm-none-eabi/lib/armv6-m\libg_nano.a(lib_a-exit.o)
 .ARM.attributes
                0x000003b5       0x2c c:/program files (x86)/cypress/psoc creator/4.4/psoc creator/import/gnu/arm/5.4.1/bin/../lib/gcc/arm-none-eabi/5.4.1/../../../../arm-none-eabi/lib/armv6-m\libg_nano.a(lib_a-impure.o)
 .ARM.attributes
                0x000003e1       0x2c c:/program files (x86)/cypress/psoc creator/4.4/psoc creator/import/gnu/arm/5.4.1/bin/../lib/gcc/arm-none-eabi/5.4.1/../../../../arm-none-eabi/lib/armv6-m\libg_nano.a(lib_a-init.o)
 .ARM.attributes
                0x0000040d       0x2c c:/program files (x86)/cypress/psoc creator/4.4/psoc creator/import/gnu/arm/5.4.1/bin/../lib/gcc/arm-none-eabi/5.4.1/../../../../arm-none-eabi/lib/armv6-m\libg_nano.a(lib_a-memset.o)
 .ARM.attributes
                0x00000439       0x2c c:/program files (x86)/cypress/psoc creator/4.4/psoc creator/import/gnu/arm/5.4.1/bin/../lib/gcc/arm-none-eabi/5.4.1/armv6-m/crtend.o
 .ARM.attributes
                0x00000465       0x1e c:/program files (x86)/cypress/psoc creator/4.4/psoc creator/import/gnu/arm/5.4.1/bin/../lib/gcc/arm-none-eabi/5.4.1/armv6-m/crtn.o

/DISCARD/
 *(.note.GNU-stack)
OUTPUT(C:\Users\davis\Documents\PSoC Creator\PCA9685_Driver\I2C bus PWM Controller.cydsn\CortexM0\ARM_GCC_541\Debug\I2C bus PWM Controller.elf elf32-littlearm)
